Archive member included to satisfy reference by file (symbol)

/Applications/STM32CubeIDE.app/Contents/Eclipse/plugins/com.st.stm32cube.ide.mcu.externaltools.gnu-tools-for-stm32.11.3.rel1.macos64_1.1.0.202305231506/tools/bin/../lib/gcc/arm-none-eabi/11.3.1/../../../../arm-none-eabi/lib/thumb/v6-m/nofp/libc_nano.a(libc_a-exit.o)
                              /Applications/STM32CubeIDE.app/Contents/Eclipse/plugins/com.st.stm32cube.ide.mcu.externaltools.gnu-tools-for-stm32.11.3.rel1.macos64_1.1.0.202305231506/tools/bin/../lib/gcc/arm-none-eabi/11.3.1/../../../../arm-none-eabi/lib/thumb/v6-m/nofp/crt0.o (exit)
/Applications/STM32CubeIDE.app/Contents/Eclipse/plugins/com.st.stm32cube.ide.mcu.externaltools.gnu-tools-for-stm32.11.3.rel1.macos64_1.1.0.202305231506/tools/bin/../lib/gcc/arm-none-eabi/11.3.1/../../../../arm-none-eabi/lib/thumb/v6-m/nofp/libc_nano.a(libc_a-sprintf.o)
                              ./Core/Src/bluetooth.o (sprintf)
/Applications/STM32CubeIDE.app/Contents/Eclipse/plugins/com.st.stm32cube.ide.mcu.externaltools.gnu-tools-for-stm32.11.3.rel1.macos64_1.1.0.202305231506/tools/bin/../lib/gcc/arm-none-eabi/11.3.1/../../../../arm-none-eabi/lib/thumb/v6-m/nofp/libc_nano.a(libc_a-findfp.o)
                              /Applications/STM32CubeIDE.app/Contents/Eclipse/plugins/com.st.stm32cube.ide.mcu.externaltools.gnu-tools-for-stm32.11.3.rel1.macos64_1.1.0.202305231506/tools/bin/../lib/gcc/arm-none-eabi/11.3.1/../../../../arm-none-eabi/lib/thumb/v6-m/nofp/libc_nano.a(libc_a-exit.o) (__stdio_exit_handler)
/Applications/STM32CubeIDE.app/Contents/Eclipse/plugins/com.st.stm32cube.ide.mcu.externaltools.gnu-tools-for-stm32.11.3.rel1.macos64_1.1.0.202305231506/tools/bin/../lib/gcc/arm-none-eabi/11.3.1/../../../../arm-none-eabi/lib/thumb/v6-m/nofp/libc_nano.a(libc_a-fwalk.o)
                              /Applications/STM32CubeIDE.app/Contents/Eclipse/plugins/com.st.stm32cube.ide.mcu.externaltools.gnu-tools-for-stm32.11.3.rel1.macos64_1.1.0.202305231506/tools/bin/../lib/gcc/arm-none-eabi/11.3.1/../../../../arm-none-eabi/lib/thumb/v6-m/nofp/libc_nano.a(libc_a-findfp.o) (_fwalk_sglue)
/Applications/STM32CubeIDE.app/Contents/Eclipse/plugins/com.st.stm32cube.ide.mcu.externaltools.gnu-tools-for-stm32.11.3.rel1.macos64_1.1.0.202305231506/tools/bin/../lib/gcc/arm-none-eabi/11.3.1/../../../../arm-none-eabi/lib/thumb/v6-m/nofp/libc_nano.a(libc_a-printf.o)
                              ./Core/Src/accel.o (printf)
/Applications/STM32CubeIDE.app/Contents/Eclipse/plugins/com.st.stm32cube.ide.mcu.externaltools.gnu-tools-for-stm32.11.3.rel1.macos64_1.1.0.202305231506/tools/bin/../lib/gcc/arm-none-eabi/11.3.1/../../../../arm-none-eabi/lib/thumb/v6-m/nofp/libc_nano.a(libc_a-memset.o)
                              /Applications/STM32CubeIDE.app/Contents/Eclipse/plugins/com.st.stm32cube.ide.mcu.externaltools.gnu-tools-for-stm32.11.3.rel1.macos64_1.1.0.202305231506/tools/bin/../lib/gcc/arm-none-eabi/11.3.1/../../../../arm-none-eabi/lib/thumb/v6-m/nofp/crt0.o (memset)
/Applications/STM32CubeIDE.app/Contents/Eclipse/plugins/com.st.stm32cube.ide.mcu.externaltools.gnu-tools-for-stm32.11.3.rel1.macos64_1.1.0.202305231506/tools/bin/../lib/gcc/arm-none-eabi/11.3.1/../../../../arm-none-eabi/lib/thumb/v6-m/nofp/libc_nano.a(libc_a-impure.o)
                              /Applications/STM32CubeIDE.app/Contents/Eclipse/plugins/com.st.stm32cube.ide.mcu.externaltools.gnu-tools-for-stm32.11.3.rel1.macos64_1.1.0.202305231506/tools/bin/../lib/gcc/arm-none-eabi/11.3.1/../../../../arm-none-eabi/lib/thumb/v6-m/nofp/libc_nano.a(libc_a-sprintf.o) (_impure_ptr)
/Applications/STM32CubeIDE.app/Contents/Eclipse/plugins/com.st.stm32cube.ide.mcu.externaltools.gnu-tools-for-stm32.11.3.rel1.macos64_1.1.0.202305231506/tools/bin/../lib/gcc/arm-none-eabi/11.3.1/../../../../arm-none-eabi/lib/thumb/v6-m/nofp/libc_nano.a(libc_a-errno.o)
                              ./Core/Src/syscalls.o (__errno)
/Applications/STM32CubeIDE.app/Contents/Eclipse/plugins/com.st.stm32cube.ide.mcu.externaltools.gnu-tools-for-stm32.11.3.rel1.macos64_1.1.0.202305231506/tools/bin/../lib/gcc/arm-none-eabi/11.3.1/../../../../arm-none-eabi/lib/thumb/v6-m/nofp/libc_nano.a(libc_a-init.o)
                              /Applications/STM32CubeIDE.app/Contents/Eclipse/plugins/com.st.stm32cube.ide.mcu.externaltools.gnu-tools-for-stm32.11.3.rel1.macos64_1.1.0.202305231506/tools/bin/../lib/gcc/arm-none-eabi/11.3.1/../../../../arm-none-eabi/lib/thumb/v6-m/nofp/crt0.o (__libc_init_array)
/Applications/STM32CubeIDE.app/Contents/Eclipse/plugins/com.st.stm32cube.ide.mcu.externaltools.gnu-tools-for-stm32.11.3.rel1.macos64_1.1.0.202305231506/tools/bin/../lib/gcc/arm-none-eabi/11.3.1/../../../../arm-none-eabi/lib/thumb/v6-m/nofp/libc_nano.a(libc_a-lock.o)
[...]
Memory Configuration

Name             Origin             Length             Attributes
RAM              0x0000000020000000 0x0000000000001800 xrw
FLASH            0x0000000008000000 0x0000000000008000 xr
*default*        0x0000000000000000 0xffffffffffffffff

Linker script and memory map

LOAD /Applications/STM32CubeIDE.app/Contents/Eclipse/plugins/com.st.stm32cube.ide.mcu.externaltools.gnu-tools-for-stm32.11.3.rel1.macos64_1.1.0.202305231506/tools/bin/../lib/gcc/arm-none-eabi/11.3.1/thumb/v6-m/nofp/crti.o
LOAD /Applications/STM32CubeIDE.app/Contents/Eclipse/plugins/com.st.stm32cube.ide.mcu.externaltools.gnu-tools-for-stm32.11.3.rel1.macos64_1.1.0.202305231506/tools/bin/../lib/gcc/arm-none-eabi/11.3.1/thumb/v6-m/nofp/crtbegin.o
LOAD /Applications/STM32CubeIDE.app/Contents/Eclipse/plugins/com.st.stm32cube.ide.mcu.externaltools.gnu-tools-for-stm32.11.3.rel1.macos64_1.1.0.202305231506/tools/bin/../lib/gcc/arm-none-eabi/11.3.1/../../../../arm-none-eabi/lib/thumb/v6-m/nofp/crt0.o
LOAD ./Core/Src/accel.o
LOAD ./Core/Src/bluetooth.o
LOAD ./Core/Src/driver.o
LOAD ./Core/Src/lidar.o
LOAD ./Core/Src/main.o
LOAD ./Core/Src/motor_controller.o
LOAD ./Core/Src/stm32f0xx_hal_msp.o
LOAD ./Core/Src/stm32f0xx_it.o
LOAD ./Core/Src/syscalls.o
LOAD ./Core/Src/sysmem.o
LOAD ./Core/Src/system_stm32f0xx.o
LOAD ./Core/Startup/startup_stm32f042k6tx.o
LOAD ./Drivers/STM32F0xx_HAL_Driver/Src/stm32f0xx_hal.o
LOAD ./Drivers/STM32F0xx_HAL_Driver/Src/stm32f0xx_hal_cortex.o
LOAD ./Drivers/STM32F0xx_HAL_Driver/Src/stm32f0xx_hal_dma.o
LOAD ./Drivers/STM32F0xx_HAL_Driver/Src/stm32f0xx_hal_exti.o
LOAD ./Drivers/STM32F0xx_HAL_Driver/Src/stm32f0xx_hal_flash.o
LOAD ./Drivers/STM32F0xx_HAL_Driver/Src/stm32f0xx_hal_flash_ex.o
LOAD ./Drivers/STM32F0xx_HAL_Driver/Src/stm32f0xx_hal_gpio.o
LOAD ./Drivers/STM32F0xx_HAL_Driver/Src/stm32f0xx_hal_i2c.o
LOAD ./Drivers/STM32F0xx_HAL_Driver/Src/stm32f0xx_hal_i2c_ex.o
LOAD ./Drivers/STM32F0xx_HAL_Driver/Src/stm32f0xx_hal_pwr.o
LOAD ./Drivers/STM32F0xx_HAL_Driver/Src/stm32f0xx_hal_pwr_ex.o
LOAD ./Drivers/STM32F0xx_HAL_Driver/Src/stm32f0xx_hal_rcc.o
LOAD ./Drivers/STM32F0xx_HAL_Driver/Src/stm32f0xx_hal_rcc_ex.o
LOAD ./Drivers/STM32F0xx_HAL_Driver/Src/stm32f0xx_hal_spi.o
LOAD ./Drivers/STM32F0xx_HAL_Driver/Src/stm32f0xx_hal_spi_ex.o
LOAD ./Drivers/STM32F0xx_HAL_Driver/Src/stm32f0xx_hal_tim.o
LOAD ./Drivers/STM32F0xx_HAL_Driver/Src/stm32f0xx_hal_tim_ex.o
LOAD ./Drivers/STM32F0xx_HAL_Driver/Src/stm32f0xx_hal_uart.o
LOAD ./Drivers/STM32F0xx_HAL_Driver/Src/stm32f0xx_hal_uart_ex.o
START GROUP
LOAD /Applications/STM32CubeIDE.app/Contents/Eclipse/plugins/com.st.stm32cube.ide.mcu.externaltools.gnu-tools-for-stm32.11.3.rel1.macos64_1.1.0.202305231506/tools/bin/../lib/gcc/arm-none-eabi/11.3.1/../../../../arm-none-eabi/lib/thumb/v6-m/nofp/libc_nano.a
LOAD /Applications/STM32CubeIDE.app/Contents/Eclipse/plugins/com.st.stm32cube.ide.mcu.externaltools.gnu-tools-for-stm32.11.3.rel1.macos64_1.1.0.202305231506/tools/bin/../lib/gcc/arm-none-eabi/11.3.1/../../../../arm-none-eabi/lib/thumb/v6-m/nofp/libm.a
END GROUP
START GROUP
LOAD /Applications/STM32CubeIDE.app/Contents/Eclipse/plugins/com.st.stm32cube.ide.mcu.externaltools.gnu-tools-for-stm32.11.3.rel1.macos64_1.1.0.202305231506/tools/bin/../lib/gcc/arm-none-eabi/11.3.1/thumb/v6-m/nofp/libgcc.a
LOAD /Applications/STM32CubeIDE.app/Contents/Eclipse/plugins/com.st.stm32cube.ide.mcu.externaltools.gnu-tools-for-stm32.11.3.rel1.macos64_1.1.0.202305231506/tools/bin/../lib/gcc/arm-none-eabi/11.3.1/../../../../arm-none-eabi/lib/thumb/v6-m/nofp/libc_nano.a
END GROUP
START GROUP
LOAD /Applications/STM32CubeIDE.app/Contents/Eclipse/plugins/com.st.stm32cube.ide.mcu.externaltools.gnu-tools-for-stm32.11.3.rel1.macos64_1.1.0.202305231506/tools/bin/../lib/gcc/arm-none-eabi/11.3.1/thumb/v6-m/nofp/libgcc.a
LOAD /Applications/STM32CubeIDE.app/Contents/Eclipse/plugins/com.st.stm32cube.ide.mcu.externaltools.gnu-tools-for-stm32.11.3.rel1.macos64_1.1.0.202305231506/tools/bin/../lib/gcc/arm-none-eabi/11.3.1/../../../../arm-none-eabi/lib/thumb/v6-m/nofp/libc_nano.a
LOAD /Applications/STM32CubeIDE.app/Contents/Eclipse/plugins/com.st.stm32cube.ide.mcu.externaltools.gnu-tools-for-stm32.11.3.rel1.macos64_1.1.0.202305231506/tools/bin/../lib/gcc/arm-none-eabi/11.3.1/../../../../arm-none-eabi/lib/thumb/v6-m/nofp/libnosys.a
END GROUP
START GROUP
LOAD /Applications/STM32CubeIDE.app/Contents/Eclipse/plugins/com.st.stm32cube.ide.mcu.externaltools.gnu-tools-for-stm32.11.3.rel1.macos64_1.1.0.202305231506/tools/bin/../lib/gcc/arm-none-eabi/11.3.1/thumb/v6-m/nofp/libgcc.a
LOAD /Applications/STM32CubeIDE.app/Contents/Eclipse/plugins/com.st.stm32cube.ide.mcu.externaltools.gnu-tools-for-stm32.11.3.rel1.macos64_1.1.0.202305231506/tools/bin/../lib/gcc/arm-none-eabi/11.3.1/../../../../arm-none-eabi/lib/thumb/v6-m/nofp/libc_nano.a
LOAD /Applications/STM32CubeIDE.app/Contents/Eclipse/plugins/com.st.stm32cube.ide.mcu.externaltools.gnu-tools-for-stm32.11.3.rel1.macos64_1.1.0.202305231506/tools/bin/../lib/gcc/arm-none-eabi/11.3.1/../../../../arm-none-eabi/lib/thumb/v6-m/nofp/libnosys.a
END GROUP
LOAD /Applications/STM32CubeIDE.app/Contents/Eclipse/plugins/com.st.stm32cube.ide.mcu.externaltools.gnu-tools-for-stm32.11.3.rel1.macos64_1.1.0.202305231506/tools/bin/../lib/gcc/arm-none-eabi/11.3.1/thumb/v6-m/nofp/crtend.o
LOAD /Applications/STM32CubeIDE.app/Contents/Eclipse/plugins/com.st.stm32cube.ide.mcu.externaltools.gnu-tools-for-stm32.11.3.rel1.macos64_1.1.0.202305231506/tools/bin/../lib/gcc/arm-none-eabi/11.3.1/thumb/v6-m/nofp/crtn.o
                0x0000000020001800                _estack = (ORIGIN (RAM) + LENGTH (RAM))
                0x0000000000000200                _Min_Heap_Size = 0x200
                0x0000000000000400                _Min_Stack_Size = 0x400

.isr_vector     0x0000000008000000       0xc0
                0x0000000008000000                . = ALIGN (0x4)
 *(.isr_vector)
 .isr_vector    0x0000000008000000       0xc0 ./Core/Startup/startup_stm32f042k6tx.o
                0x0000000008000000                g_pfnVectors
                0x00000000080000c0                . = ALIGN (0x4)

.text           0x00000000080000c0     0x53b4
                0x00000000080000c0                . = ALIGN (0x4)
 *(.text)
 .text          0x00000000080000c0       0x48 /Applications/STM32CubeIDE.app/Contents/Eclipse/plugins/com.st.stm32cube.ide.mcu.externaltools.gnu-tools-for-stm32.11.3.rel1.macos64_1.1.0.202305231506/tools/bin/../lib/gcc/arm-none-eabi/11.3.1/thumb/v6-m/nofp/crtbegin.o
 .text          0x0000000008000108        0xe /Applications/STM32CubeIDE.app/Contents/Eclipse/plugins/com.st.stm32cube.ide.mcu.externaltools.gnu-tools-for-stm32.11.3.rel1.macos64_1.1.0.202305231506/tools/bin/../lib/gcc/arm-none-eabi/11.3.1/../../../../arm-none-eabi/lib/thumb/v6-m/nofp/libc_nano.a(libc_a-strlen.o)
                0x0000000008000108                strlen
 *fill*         0x0000000008000116        0x2 
 .text          0x0000000008000118       0x14 /Applications/STM32CubeIDE.app/Contents/Eclipse/plugins/com.st.stm32cube.ide.mcu.externaltools.gnu-tools-for-stm32.11.3.rel1.macos64_1.1.0.202305231506/tools/bin/../lib/gcc/arm-none-eabi/11.3.1/thumb/v6-m/nofp/libgcc.a(_thumb1_case_shi.o)
                0x0000000008000118                __gnu_thumb1_case_shi
 .text          0x000000000800012c      0x114 /Applications/STM32CubeIDE.app/Contents/Eclipse/plugins/com.st.stm32cube.ide.mcu.externaltools.gnu-tools-for-stm32.11.3.rel1.macos64_1.1.0.202305231506/tools/bin/../lib/gcc/arm-none-eabi/11.3.1/thumb/v6-m/nofp/libgcc.a(_udivsi3.o)
                0x000000000800012c                __udivsi3
                0x000000000800012c                __aeabi_uidiv
                0x0000000008000238                __aeabi_uidivmod
 .text          0x0000000008000240        0x4 /Applications/STM32CubeIDE.app/Contents/Eclipse/plugins/com.st.stm32cube.ide.mcu.externaltools.gnu-tools-for-stm32.11.3.rel1.macos64_1.1.0.202305231506/tools/bin/../lib/gcc/arm-none-eabi/11.3.1/thumb/v6-m/nofp/libgcc.a(_dvmd_tls.o)
                0x0000000008000240                __aeabi_ldiv0
                0x0000000008000240                __aeabi_idiv0
 *(.text*)
 .text.LSM303CTR_Init
                0x0000000008000244       0x90 ./Core/Src/accel.o
                0x0000000008000244                LSM303CTR_Init
 .text.LSM303CTR_ReadAccel
                0x00000000080002d4       0x98 ./Core/Src/accel.o
                0x00000000080002d4                LSM303CTR_ReadAccel
 .text.LSM303CTR_WriteReg
                0x000000000800036c       0x66 ./Core/Src/accel.o
                0x000000000800036c                LSM303CTR_WriteReg
 .text.LSM303CTR_ReadReg
                0x00000000080003d2       0x7c ./Core/Src/accel.o
                0x00000000080003d2                LSM303CTR_ReadReg
 .text.LSM303CTR_ReadRegs
                0x000000000800044e       0x8a ./Core/Src/accel.o
                0x000000000800044e                LSM303CTR_ReadRegs
 .text.Bluetooth_Init
                0x00000000080004d8       0x3e ./Core/Src/bluetooth.o
                0x00000000080004d8                Bluetooth_Init
 *fill*         0x0000000008000516        0x2 
 .text.Bluetooth_MakeDiscoverable
                0x0000000008000518       0x50 ./Core/Src/bluetooth.o
                0x0000000008000518                Bluetooth_MakeDiscoverable
 .text.Bluetooth_Receive
                0x0000000008000568       0x3a ./Core/Src/bluetooth.o
                0x0000000008000568                Bluetooth_Receive
 *fill*         0x00000000080005a2        0x2 
 .text.handleBluetoothCommands
                0x00000000080005a4       0x84 ./Core/Src/bluetooth.o
                0x00000000080005a4                handleBluetoothCommands
 .text.moveForward
                0x0000000008000628       0x34 ./Core/Src/driver.o
                0x0000000008000628                moveForward
 .text.moveBackward
                0x000000000800065c       0x34 ./Core/Src/driver.o
                0x000000000800065c                moveBackward
 .text.moveForwardLeft
                0x0000000008000690       0x30 ./Core/Src/driver.o
                0x0000000008000690                moveForwardLeft
 .text.moveForwardRight
                0x00000000080006c0       0x30 ./Core/Src/driver.o
                0x00000000080006c0                moveForwardRight
 .text.readVL53L1XDistance
                0x00000000080006f0       0x7c ./Core/Src/lidar.o
                0x00000000080006f0                readVL53L1XDistance
 .text.main     0x000000000800076c      0x104 ./Core/Src/main.o
                0x000000000800076c                main
 .text.SystemClock_Config
                0x0000000008000870       0xba ./Core/Src/main.o
                0x0000000008000870                SystemClock_Config
 *fill*         0x000000000800092a        0x2 
 .text.MX_I2C1_Init
                0x000000000800092c       0x80 ./Core/Src/main.o
 .text.MX_SPI1_Init
                0x00000000080009ac       0x7c ./Core/Src/main.o
 .text.MX_USART1_UART_Init
                0x0000000008000a28       0x60 ./Core/Src/main.o
 .text.MX_GPIO_Init
                0x0000000008000a88      0x130 ./Core/Src/main.o
 .text.Error_Handler
                0x0000000008000bb8        0xa ./Core/Src/main.o
                0x0000000008000bb8                Error_Handler
 *fill*         0x0000000008000bc2        0x2 
 .text.initMotor
                0x0000000008000bc4       0x34 ./Core/Src/motor_controller.o
                0x0000000008000bc4                initMotor
 .text.setMotorDirectionA
                0x0000000008000bf8       0x84 ./Core/Src/motor_controller.o
                0x0000000008000bf8                setMotorDirectionA
 .text.setMotorDirectionB
                0x0000000008000c7c       0x84 ./Core/Src/motor_controller.o
                0x0000000008000c7c                setMotorDirectionB
 .text.setMotorSpeedA
                0x0000000008000d00       0x48 ./Core/Src/motor_controller.o
                0x0000000008000d00                setMotorSpeedA
 .text.setMotorSpeedB
                0x0000000008000d48       0x48 ./Core/Src/motor_controller.o
                0x0000000008000d48                setMotorSpeedB
 .text.HAL_MspInit
                0x0000000008000d90       0x48 ./Core/Src/stm32f0xx_hal_msp.o
                0x0000000008000d90                HAL_MspInit
 .text.HAL_I2C_MspInit
                0x0000000008000dd8       0x9c ./Core/Src/stm32f0xx_hal_msp.o
                0x0000000008000dd8                HAL_I2C_MspInit
 .text.HAL_SPI_MspInit
                0x0000000008000e74       0x9c ./Core/Src/stm32f0xx_hal_msp.o
                0x0000000008000e74                HAL_SPI_MspInit
 .text.HAL_UART_MspInit
                0x0000000008000f10       0x9c ./Core/Src/stm32f0xx_hal_msp.o
                0x0000000008000f10                HAL_UART_MspInit
 .text.NMI_Handler
                0x0000000008000fac        0x6 ./Core/Src/stm32f0xx_it.o
                0x0000000008000fac                NMI_Handler
 .text.HardFault_Handler
                0x0000000008000fb2        0x6 ./Core/Src/stm32f0xx_it.o
                0x0000000008000fb2                HardFault_Handler
 .text.SVC_Handler
                0x0000000008000fb8        0xa ./Core/Src/stm32f0xx_it.o
                0x0000000008000fb8                SVC_Handler
 .text.PendSV_Handler
                0x0000000008000fc2        0xa ./Core/Src/stm32f0xx_it.o
                0x0000000008000fc2                PendSV_Handler
 .text.SysTick_Handler
                0x0000000008000fcc        0xe ./Core/Src/stm32f0xx_it.o
                0x0000000008000fcc                SysTick_Handler
 .text._read    0x0000000008000fda       0x3a ./Core/Src/syscalls.o
                0x0000000008000fda                _read
 .text._write   0x0000000008001014       0x38 ./Core/Src/syscalls.o
                0x0000000008001014                _write
 .text._close   0x000000000800104c       0x14 ./Core/Src/syscalls.o
                0x000000000800104c                _close
 .text._fstat   0x0000000008001060       0x1c ./Core/Src/syscalls.o
                0x0000000008001060                _fstat
 .text._isatty  0x000000000800107c       0x12 ./Core/Src/syscalls.o
                0x000000000800107c                _isatty
 .text._lseek   0x000000000800108e       0x16 ./Core/Src/syscalls.o
                0x000000000800108e                _lseek
 .text._sbrk    0x00000000080010a4       0x6c ./Core/Src/sysmem.o
                0x00000000080010a4                _sbrk
 .text.SystemInit
                0x0000000008001110        0xa ./Core/Src/system_stm32f0xx.o
                0x0000000008001110                SystemInit
 *fill*         0x000000000800111a        0x2 
 .text.Reset_Handler
                0x000000000800111c       0x80 ./Core/Startup/startup_stm32f042k6tx.o
                0x000000000800111c                Reset_Handler
 .text.Default_Handler
                0x000000000800119c        0x2 ./Core/Startup/startup_stm32f042k6tx.o
                0x000000000800119c                TIM1_BRK_UP_TRG_COM_IRQHandler
                0x000000000800119c                TSC_IRQHandler
                0x000000000800119c                I2C1_IRQHandler
                0x000000000800119c                RCC_CRS_IRQHandler
                0x000000000800119c                SPI1_IRQHandler
                0x000000000800119c                EXTI2_3_IRQHandler
                0x000000000800119c                ADC1_IRQHandler
                0x000000000800119c                TIM17_IRQHandler
                0x000000000800119c                CEC_CAN_IRQHandler
                0x000000000800119c                RTC_IRQHandler
                0x000000000800119c                PVD_VDDIO2_IRQHandler
                0x000000000800119c                TIM16_IRQHandler
                0x000000000800119c                TIM3_IRQHandler
                0x000000000800119c                EXTI4_15_IRQHandler
                0x000000000800119c                DMA1_Channel1_IRQHandler
                0x000000000800119c                Default_Handler
                0x000000000800119c                TIM14_IRQHandler
                0x000000000800119c                DMA1_Channel4_5_IRQHandler
                0x000000000800119c                EXTI0_1_IRQHandler
                0x000000000800119c                USB_IRQHandler
                0x000000000800119c                SPI2_IRQHandler
                0x000000000800119c                WWDG_IRQHandler
                0x000000000800119c                TIM2_IRQHandler
                0x000000000800119c                DMA1_Channel2_3_IRQHandler
                0x000000000800119c                USART2_IRQHandler
                0x000000000800119c                FLASH_IRQHandler
                0x000000000800119c                USART1_IRQHandler
                0x000000000800119c                TIM1_CC_IRQHandler
 *fill*         0x000000000800119e        0x2 
 .text.HAL_Init
                0x00000000080011a0       0x28 ./Drivers/STM32F0xx_HAL_Driver/Src/stm32f0xx_hal.o
                0x00000000080011a0                HAL_Init
 .text.HAL_InitTick
                0x00000000080011c8       0x68 ./Drivers/STM32F0xx_HAL_Driver/Src/stm32f0xx_hal.o
                0x00000000080011c8                HAL_InitTick
 .text.HAL_IncTick
                0x0000000008001230       0x24 ./Drivers/STM32F0xx_HAL_Driver/Src/stm32f0xx_hal.o
                0x0000000008001230                HAL_IncTick
 .text.HAL_GetTick
                0x0000000008001254       0x14 ./Drivers/STM32F0xx_HAL_Driver/Src/stm32f0xx_hal.o
                0x0000000008001254                HAL_GetTick
 .text.HAL_Delay
                0x0000000008001268       0x48 ./Drivers/STM32F0xx_HAL_Driver/Src/stm32f0xx_hal.o
                0x0000000008001268                HAL_Delay
 .text.__NVIC_SetPriority
                0x00000000080012b0       0xdc ./Drivers/STM32F0xx_HAL_Driver/Src/stm32f0xx_hal_cortex.o
 .text.SysTick_Config
                0x000000000800138c       0x48 ./Drivers/STM32F0xx_HAL_Driver/Src/stm32f0xx_hal_cortex.o
 .text.HAL_NVIC_SetPriority
                0x00000000080013d4       0x2a ./Drivers/STM32F0xx_HAL_Driver/Src/stm32f0xx_hal_cortex.o
                0x00000000080013d4                HAL_NVIC_SetPriority
 .text.HAL_SYSTICK_Config
                0x00000000080013fe       0x1a ./Drivers/STM32F0xx_HAL_Driver/Src/stm32f0xx_hal_cortex.o
                0x00000000080013fe                HAL_SYSTICK_Config
 .text.HAL_GPIO_Init
                0x0000000008001418      0x2d0 ./Drivers/STM32F0xx_HAL_Driver/Src/stm32f0xx_hal_gpio.o
                0x0000000008001418                HAL_GPIO_Init
 .text.HAL_GPIO_WritePin
                0x00000000080016e8       0x3a ./Drivers/STM32F0xx_HAL_Driver/Src/stm32f0xx_hal_gpio.o
                0x00000000080016e8                HAL_GPIO_WritePin
 *fill*         0x0000000008001722        0x2 
 .text.HAL_I2C_Init
                0x0000000008001724      0x12c ./Drivers/STM32F0xx_HAL_Driver/Src/stm32f0xx_hal_i2c.o
                0x0000000008001724                HAL_I2C_Init
 .text.HAL_I2C_Mem_Read
                0x0000000008001850      0x268 ./Drivers/STM32F0xx_HAL_Driver/Src/stm32f0xx_hal_i2c.o
                0x0000000008001850                HAL_I2C_Mem_Read
 .text.I2C_RequestMemoryRead
                0x0000000008001ab8       0xc4 ./Drivers/STM32F0xx_HAL_Driver/Src/stm32f0xx_hal_i2c.o
 .text.I2C_Flush_TXDR
                0x0000000008001b7c       0x44 ./Drivers/STM32F0xx_HAL_Driver/Src/stm32f0xx_hal_i2c.o
 .text.I2C_WaitOnFlagUntilTimeout
                0x0000000008001bc0       0x9c ./Drivers/STM32F0xx_HAL_Driver/Src/stm32f0xx_hal_i2c.o
 .text.I2C_WaitOnTXISFlagUntilTimeout
                0x0000000008001c5c       0x8c ./Drivers/STM32F0xx_HAL_Driver/Src/stm32f0xx_hal_i2c.o
 .text.I2C_WaitOnSTOPFlagUntilTimeout
                0x0000000008001ce8       0x86 ./Drivers/STM32F0xx_HAL_Driver/Src/stm32f0xx_hal_i2c.o
 *fill*         0x0000000008001d6e        0x2 
 .text.I2C_IsErrorOccurred
                0x0000000008001d70      0x200 ./Drivers/STM32F0xx_HAL_Driver/Src/stm32f0xx_hal_i2c.o
 .text.I2C_TransferConfig
                0x0000000008001f70       0x74 ./Drivers/STM32F0xx_HAL_Driver/Src/stm32f0xx_hal_i2c.o
 .text.HAL_I2CEx_ConfigAnalogFilter
                0x0000000008001fe4       0x98 ./Drivers/STM32F0xx_HAL_Driver/Src/stm32f0xx_hal_i2c_ex.o
                0x0000000008001fe4                HAL_I2CEx_ConfigAnalogFilter
 .text.HAL_I2CEx_ConfigDigitalFilter
                0x000000000800207c       0x98 ./Drivers/STM32F0xx_HAL_Driver/Src/stm32f0xx_hal_i2c_ex.o
                0x000000000800207c                HAL_I2CEx_ConfigDigitalFilter
 .text.HAL_RCC_OscConfig
                0x0000000008002114      0x70c ./Drivers/STM32F0xx_HAL_Driver/Src/stm32f0xx_hal_rcc.o
                0x0000000008002114                HAL_RCC_OscConfig
 .text.HAL_RCC_ClockConfig
                0x0000000008002820      0x1b4 ./Drivers/STM32F0xx_HAL_Driver/Src/stm32f0xx_hal_rcc.o
                0x0000000008002820                HAL_RCC_ClockConfig
 .text.HAL_RCC_GetSysClockFreq
                0x00000000080029d4       0xe4 ./Drivers/STM32F0xx_HAL_Driver/Src/stm32f0xx_hal_rcc.o
                0x00000000080029d4                HAL_RCC_GetSysClockFreq
 .text.HAL_RCC_GetHCLKFreq
                0x0000000008002ab8       0x14 ./Drivers/STM32F0xx_HAL_Driver/Src/stm32f0xx_hal_rcc.o
                0x0000000008002ab8                HAL_RCC_GetHCLKFreq
 .text.HAL_RCC_GetPCLK1Freq
                0x0000000008002acc       0x2c ./Drivers/STM32F0xx_HAL_Driver/Src/stm32f0xx_hal_rcc.o
                0x0000000008002acc                HAL_RCC_GetPCLK1Freq
 .text.HAL_RCCEx_PeriphCLKConfig
                0x0000000008002af8      0x1dc ./Drivers/STM32F0xx_HAL_Driver/Src/stm32f0xx_hal_rcc_ex.o
                0x0000000008002af8                HAL_RCCEx_PeriphCLKConfig
 .text.HAL_SPI_Init
                0x0000000008002cd4      0x170 ./Drivers/STM32F0xx_HAL_Driver/Src/stm32f0xx_hal_spi.o
                0x0000000008002cd4                HAL_SPI_Init
 .text.HAL_SPI_Transmit
                0x0000000008002e44      0x2be ./Drivers/STM32F0xx_HAL_Driver/Src/stm32f0xx_hal_spi.o
                0x0000000008002e44                HAL_SPI_Transmit
 *fill*         0x0000000008003102        0x2 
 .text.HAL_SPI_Receive
                0x0000000008003104      0x2a4 ./Drivers/STM32F0xx_HAL_Driver/Src/stm32f0xx_hal_spi.o
                0x0000000008003104                HAL_SPI_Receive
 .text.HAL_SPI_TransmitReceive
                0x00000000080033a8      0x3c4 ./Drivers/STM32F0xx_HAL_Driver/Src/stm32f0xx_hal_spi.o
                0x00000000080033a8                HAL_SPI_TransmitReceive
 .text.SPI_WaitFlagStateUntilTimeout
                0x000000000800376c      0x11c ./Drivers/STM32F0xx_HAL_Driver/Src/stm32f0xx_hal_spi.o
 .text.SPI_WaitFifoStateUntilTimeout
                0x0000000008003888      0x144 ./Drivers/STM32F0xx_HAL_Driver/Src/stm32f0xx_hal_spi.o
 .text.SPI_EndRxTransaction
                0x00000000080039cc       0xbc ./Drivers/STM32F0xx_HAL_Driver/Src/stm32f0xx_hal_spi.o
 .text.SPI_EndRxTxTransaction
                0x0000000008003a88       0x8c ./Drivers/STM32F0xx_HAL_Driver/Src/stm32f0xx_hal_spi.o
 .text.HAL_UART_Init
                0x0000000008003b14       0xa8 ./Drivers/STM32F0xx_HAL_Driver/Src/stm32f0xx_hal_uart.o
                0x0000000008003b14                HAL_UART_Init
 .text.HAL_UART_Transmit
                0x0000000008003bbc      0x140 ./Drivers/STM32F0xx_HAL_Driver/Src/stm32f0xx_hal_uart.o
                0x0000000008003bbc                HAL_UART_Transmit
 .text.HAL_UART_Receive
                0x0000000008003cfc      0x1d0 ./Drivers/STM32F0xx_HAL_Driver/Src/stm32f0xx_hal_uart.o
                0x0000000008003cfc                HAL_UART_Receive
 .text.UART_SetConfig
                0x0000000008003ecc      0x280 ./Drivers/STM32F0xx_HAL_Driver/Src/stm32f0xx_hal_uart.o
                0x0000000008003ecc                UART_SetConfig
 .text.UART_AdvFeatureConfig
                0x000000000800414c      0x168 ./Drivers/STM32F0xx_HAL_Driver/Src/stm32f0xx_hal_uart.o
                0x000000000800414c                UART_AdvFeatureConfig
 .text.UART_CheckIdleState
                0x00000000080042b4      0x150 ./Drivers/STM32F0xx_HAL_Driver/Src/stm32f0xx_hal_uart.o
                0x00000000080042b4                UART_CheckIdleState
 .text.UART_WaitOnFlagUntilTimeout
                0x0000000008004404       0xd2 ./Drivers/STM32F0xx_HAL_Driver/Src/stm32f0xx_hal_uart.o
                0x0000000008004404                UART_WaitOnFlagUntilTimeout
 *fill*         0x00000000080044d6        0x2 
 .text.UART_EndRxTransfer
                0x00000000080044d8       0xc8 ./Drivers/STM32F0xx_HAL_Driver/Src/stm32f0xx_hal_uart.o
 .text.std      0x00000000080045a0       0x48 /Applications/STM32CubeIDE.app/Contents/Eclipse/plugins/com.st.stm32cube.ide.mcu.externaltools.gnu-tools-for-stm32.11.3.rel1.macos64_1.1.0.202305231506/tools/bin/../lib/gcc/arm-none-eabi/11.3.1/../../../../arm-none-eabi/lib/thumb/v6-m/nofp/libc_nano.a(libc_a-findfp.o)
 .text.stdio_exit_handler
                0x00000000080045e8       0x1c /Applications/STM32CubeIDE.app/Contents/Eclipse/plugins/com.st.stm32cube.ide.mcu.externaltools.gnu-tools-for-stm32.11.3.rel1.macos64_1.1.0.202305231506/tools/bin/../lib/gcc/arm-none-eabi/11.3.1/../../../../arm-none-eabi/lib/thumb/v6-m/nofp/libc_nano.a(libc_a-findfp.o)
 .text.cleanup_stdio
                0x0000000008004604       0x3c /Applications/STM32CubeIDE.app/Contents/Eclipse/plugins/com.st.stm32cube.ide.mcu.externaltools.gnu-tools-for-stm32.11.3.rel1.macos64_1.1.0.202305231506/tools/bin/../lib/gcc/arm-none-eabi/11.3.1/../../../../arm-none-eabi/lib/thumb/v6-m/nofp/libc_nano.a(libc_a-findfp.o)
 .text.global_stdio_init.part.0
                0x0000000008004640       0x3c /Applications/STM32CubeIDE.app/Contents/Eclipse/plugins/com.st.stm32cube.ide.mcu.externaltools.gnu-tools-for-stm32.11.3.rel1.macos64_1.1.0.202305231506/tools/bin/../lib/gcc/arm-none-eabi/11.3.1/../../../../arm-none-eabi/lib/thumb/v6-m/nofp/libc_nano.a(libc_a-findfp.o)
 .text.__sfp_lock_acquire
                0x000000000800467c       0x10 /Applications/STM32CubeIDE.app/Contents/Eclipse/plugins/com.st.stm32cube.ide.mcu.externaltools.gnu-tools-for-stm32.11.3.rel1.macos64_1.1.0.202305231506/tools/bin/../lib/gcc/arm-none-eabi/11.3.1/../../../../arm-none-eabi/lib/thumb/v6-m/nofp/libc_nano.a(libc_a-findfp.o)
                0x000000000800467c                __sfp_lock_acquire
 .text.__sfp_lock_release
                0x000000000800468c       0x10 /Applications/STM32CubeIDE.app/Contents/Eclipse/plugins/com.st.stm32cube.ide.mcu.externaltools.gnu-tools-for-stm32.11.3.rel1.macos64_1.1.0.202305231506/tools/bin/../lib/gcc/arm-none-eabi/11.3.1/../../../../arm-none-eabi/lib/thumb/v6-m/nofp/libc_nano.a(libc_a-findfp.o)
                0x000000000800468c                __sfp_lock_release
 .text.__sinit  0x000000000800469c       0x30 /Applications/STM32CubeIDE.app/Contents/Eclipse/plugins/com.st.stm32cube.ide.mcu.externaltools.gnu-tools-for-stm32.11.3.rel1.macos64_1.1.0.202305231506/tools/bin/../lib/gcc/arm-none-eabi/11.3.1/../../../../arm-none-eabi/lib/thumb/v6-m/nofp/libc_nano.a(libc_a-findfp.o)
                0x000000000800469c                __sinit
 .text._fwalk_sglue
                0x00000000080046cc       0x38 /Applications/STM32CubeIDE.app/Contents/Eclipse/plugins/com.st.stm32cube.ide.mcu.externaltools.gnu-tools-for-stm32.11.3.rel1.macos64_1.1.0.202305231506/tools/bin/../lib/gcc/arm-none-eabi/11.3.1/../../../../arm-none-eabi/lib/thumb/v6-m/nofp/libc_nano.a(libc_a-fwalk.o)
                0x00000000080046cc                _fwalk_sglue
 .text.printf   0x0000000008004704       0x20 /Applications/STM32CubeIDE.app/Contents/Eclipse/plugins/com.st.stm32cube.ide.mcu.externaltools.gnu-tools-for-stm32.11.3.rel1.macos64_1.1.0.202305231506/tools/bin/../lib/gcc/arm-none-eabi/11.3.1/../../../../arm-none-eabi/lib/thumb/v6-m/nofp/libc_nano.a(libc_a-printf.o)
                0x0000000008004704                printf
                0x0000000008004704                iprintf
 .text.memset   0x0000000008004724       0x10 /Applications/STM32CubeIDE.app/Contents/Eclipse/plugins/com.st.stm32cube.ide.mcu.externaltools.gnu-tools-for-stm32.11.3.rel1.macos64_1.1.0.202305231506/tools/bin/../lib/gcc/arm-none-eabi/11.3.1/../../../../arm-none-eabi/lib/thumb/v6-m/nofp/libc_nano.a(libc_a-memset.o)
                0x0000000008004724                memset
 .text.__errno  0x0000000008004734        0xc /Applications/STM32CubeIDE.app/Contents/Eclipse/plugins/com.st.stm32cube.ide.mcu.externaltools.gnu-tools-for-stm32.11.3.rel1.macos64_1.1.0.202305231506/tools/bin/../lib/gcc/arm-none-eabi/11.3.1/../../../../arm-none-eabi/lib/thumb/v6-m/nofp/libc_nano.a(libc_a-errno.o)
                0x0000000008004734                __errno
 .text.__libc_init_array
                0x0000000008004740       0x48 /Applications/STM32CubeIDE.app/Contents/Eclipse/plugins/com.st.stm32cube.ide.mcu.externaltools.gnu-tools-for-stm32.11.3.rel1.macos64_1.1.0.202305231506/tools/bin/../lib/gcc/arm-none-eabi/11.3.1/../../../../arm-none-eabi/lib/thumb/v6-m/nofp/libc_nano.a(libc_a-init.o)
                0x0000000008004740                __libc_init_array
 .text.__retarget_lock_acquire_recursive
                0x0000000008004788        0x2 /Applications/STM32CubeIDE.app/Contents/Eclipse/plugins/com.st.stm32cube.ide.mcu.externaltools.gnu-tools-for-stm32.11.3.rel1.macos64_1.1.0.202305231506/tools/bin/../lib/gcc/arm-none-eabi/11.3.1/../../../../arm-none-eabi/lib/thumb/v6-m/nofp/libc_nano.a(libc_a-lock.o)
                0x0000000008004788                __retarget_lock_acquire_recursive
 .text.__retarget_lock_release_recursive
                0x000000000800478a        0x2 /Applications/STM32CubeIDE.app/Contents/Eclipse/plugins/com.st.stm32cube.ide.mcu.externaltools.gnu-tools-for-stm32.11.3.rel1.macos64_1.1.0.202305231506/tools/bin/../lib/gcc/arm-none-eabi/11.3.1/../../../../arm-none-eabi/lib/thumb/v6-m/nofp/libc_nano.a(libc_a-lock.o)
                0x000000000800478a                __retarget_lock_release_recursive
 .text.memcpy   0x000000000800478c       0x12 /Applications/STM32CubeIDE.app/Contents/Eclipse/plugins/com.st.stm32cube.ide.mcu.externaltools.gnu-tools-for-stm32.11.3.rel1.macos64_1.1.0.202305231506/tools/bin/../lib/gcc/arm-none-eabi/11.3.1/../../../../arm-none-eabi/lib/thumb/v6-m/nofp/libc_nano.a(libc_a-memcpy-stub.o)
                0x000000000800478c                memcpy
 .text.__sfputc_r
                0x000000000800479e       0x2a /Applications/STM32CubeIDE.app/Contents/Eclipse/plugins/com.st.stm32cube.ide.mcu.externaltools.gnu-tools-for-stm32.11.3.rel1.macos64_1.1.0.202305231506/tools/bin/../lib/gcc/arm-none-eabi/11.3.1/../../../../arm-none-eabi/lib/thumb/v6-m/nofp/libc_nano.a(libc_a-nano-vfprintf.o)
 .text.__sfputs_r
                0x00000000080047c8       0x24 /Applications/STM32CubeIDE.app/Contents/Eclipse/plugins/com.st.stm32cube.ide.mcu.externaltools.gnu-tools-for-stm32.11.3.rel1.macos64_1.1.0.202305231506/tools/bin/../lib/gcc/arm-none-eabi/11.3.1/../../../../arm-none-eabi/lib/thumb/v6-m/nofp/libc_nano.a(libc_a-nano-vfprintf.o)
                0x00000000080047c8                __sfputs_r
 .text._vfprintf_r
                0x00000000080047ec      0x238 /Applications/STM32CubeIDE.app/Contents/Eclipse/plugins/com.st.stm32cube.ide.mcu.externaltools.gnu-tools-for-stm32.11.3.rel1.macos64_1.1.0.202305231506/tools/bin/../lib/gcc/arm-none-eabi/11.3.1/../../../../arm-none-eabi/lib/thumb/v6-m/nofp/libc_nano.a(libc_a-nano-vfprintf.o)
                0x00000000080047ec                _vfiprintf_r
                0x00000000080047ec                _vfprintf_r
 .text.sbrk_aligned
                0x0000000008004a24       0x44 /Applications/STM32CubeIDE.app/Contents/Eclipse/plugins/com.st.stm32cube.ide.mcu.externaltools.gnu-tools-for-stm32.11.3.rel1.macos64_1.1.0.202305231506/tools/bin/../lib/gcc/arm-none-eabi/11.3.1/../../../../arm-none-eabi/lib/thumb/v6-m/nofp/libc_nano.a(libc_a-mallocr.o)
 .text._malloc_r
                0x0000000008004a68      0x104 /Applications/STM32CubeIDE.app/Contents/Eclipse/plugins/com.st.stm32cube.ide.mcu.externaltools.gnu-tools-for-stm32.11.3.rel1.macos64_1.1.0.202305231506/tools/bin/../lib/gcc/arm-none-eabi/11.3.1/../../../../arm-none-eabi/lib/thumb/v6-m/nofp/libc_nano.a(libc_a-mallocr.o)
                0x0000000008004a68                _malloc_r
 .text._printf_common
                0x0000000008004b6c       0xde /Applications/STM32CubeIDE.app/Contents/Eclipse/plugins/com.st.stm32cube.ide.mcu.externaltools.gnu-tools-for-stm32.11.3.rel1.macos64_1.1.0.202305231506/tools/bin/../lib/gcc/arm-none-eabi/11.3.1/../../../../arm-none-eabi/lib/thumb/v6-m/nofp/libc_nano.a(libc_a-nano-vfprintf_i.o)
                0x0000000008004b6c                _printf_common
 *fill*         0x0000000008004c4a        0x2 
 .text._printf_i
                0x0000000008004c4c      0x220 /Applications/STM32CubeIDE.app/Contents/Eclipse/plugins/com.st.stm32cube.ide.mcu.externaltools.gnu-tools-for-stm32.11.3.rel1.macos64_1.1.0.202305231506/tools/bin/../lib/gcc/arm-none-eabi/11.3.1/../../../../arm-none-eabi/lib/thumb/v6-m/nofp/libc_nano.a(libc_a-nano-vfprintf_i.o)
                0x0000000008004c4c                _printf_i
 .text.__sflush_r
                0x0000000008004e6c      0x114 /Applications/STM32CubeIDE.app/Contents/Eclipse/plugins/com.st.stm32cube.ide.mcu.externaltools.gnu-tools-for-stm32.11.3.rel1.macos64_1.1.0.202305231506/tools/bin/../lib/gcc/arm-none-eabi/11.3.1/../../../../arm-none-eabi/lib/thumb/v6-m/nofp/libc_nano.a(libc_a-fflush.o)
                0x0000000008004e6c                __sflush_r
 .text._fflush_r
                0x0000000008004f80       0x56 /Applications/STM32CubeIDE.app/Contents/Eclipse/plugins/com.st.stm32cube.ide.mcu.externaltools.gnu-tools-for-stm32.11.3.rel1.macos64_1.1.0.202305231506/tools/bin/../lib/gcc/arm-none-eabi/11.3.1/../../../../arm-none-eabi/lib/thumb/v6-m/nofp/libc_nano.a(libc_a-fflush.o)
                0x0000000008004f80                _fflush_r
 *fill*         0x0000000008004fd6        0x2 
 .text.__malloc_lock
                0x0000000008004fd8       0x10 /Applications/STM32CubeIDE.app/Contents/Eclipse/plugins/com.st.stm32cube.ide.mcu.externaltools.gnu-tools-for-stm32.11.3.rel1.macos64_1.1.0.202305231506/tools/bin/../lib/gcc/arm-none-eabi/11.3.1/../../../../arm-none-eabi/lib/thumb/v6-m/nofp/libc_nano.a(libc_a-mlock.o)
                0x0000000008004fd8                __malloc_lock
 .text.__malloc_unlock
                0x0000000008004fe8       0x10 /Applications/STM32CubeIDE.app/Contents/Eclipse/plugins/com.st.stm32cube.ide.mcu.externaltools.gnu-tools-for-stm32.11.3.rel1.macos64_1.1.0.202305231506/tools/bin/../lib/gcc/arm-none-eabi/11.3.1/../../../../arm-none-eabi/lib/thumb/v6-m/nofp/libc_nano.a(libc_a-mlock.o)
                0x0000000008004fe8                __malloc_unlock
 .text.__sread  0x0000000008004ff8       0x28 /Applications/STM32CubeIDE.app/Contents/Eclipse/plugins/com.st.stm32cube.ide.mcu.externaltools.gnu-tools-for-stm32.11.3.rel1.macos64_1.1.0.202305231506/tools/bin/../lib/gcc/arm-none-eabi/11.3.1/../../../../arm-none-eabi/lib/thumb/v6-m/nofp/libc_nano.a(libc_a-stdio.o)
                0x0000000008004ff8                __sread
 .text.__swrite
                0x0000000008005020       0x38 /Applications/STM32CubeIDE.app/Contents/Eclipse/plugins/com.st.stm32cube.ide.mcu.externaltools.gnu-tools-for-stm32.11.3.rel1.macos64_1.1.0.202305231506/tools/bin/../lib/gcc/arm-none-eabi/11.3.1/../../../../arm-none-eabi/lib/thumb/v6-m/nofp/libc_nano.a(libc_a-stdio.o)
                0x0000000008005020                __swrite
 .text.__sseek  0x0000000008005058       0x2c /Applications/STM32CubeIDE.app/Contents/Eclipse/plugins/com.st.stm32cube.ide.mcu.externaltools.gnu-tools-for-stm32.11.3.rel1.macos64_1.1.0.202305231506/tools/bin/../lib/gcc/arm-none-eabi/11.3.1/../../../../arm-none-eabi/lib/thumb/v6-m/nofp/libc_nano.a(libc_a-stdio.o)
                0x0000000008005058                __sseek
 .text.__sclose
                0x0000000008005084        0xc /Applications/STM32CubeIDE.app/Contents/Eclipse/plugins/com.st.stm32cube.ide.mcu.externaltools.gnu-tools-for-stm32.11.3.rel1.macos64_1.1.0.202305231506/tools/bin/../lib/gcc/arm-none-eabi/11.3.1/../../../../arm-none-eabi/lib/thumb/v6-m/nofp/libc_nano.a(libc_a-stdio.o)
                0x0000000008005084                __sclose
 .text.__swbuf_r
                0x0000000008005090       0x84 /Applications/STM32CubeIDE.app/Contents/Eclipse/plugins/com.st.stm32cube.ide.mcu.externaltools.gnu-tools-for-stm32.11.3.rel1.macos64_1.1.0.202305231506/tools/bin/../lib/gcc/arm-none-eabi/11.3.1/../../../../arm-none-eabi/lib/thumb/v6-m/nofp/libc_nano.a(libc_a-wbuf.o)
                0x0000000008005090                __swbuf_r
 .text.__swsetup_r
                0x0000000008005114       0xc8 /Applications/STM32CubeIDE.app/Contents/Eclipse/plugins/com.st.stm32cube.ide.mcu.externaltools.gnu-tools-for-stm32.11.3.rel1.macos64_1.1.0.202305231506/tools/bin/../lib/gcc/arm-none-eabi/11.3.1/../../../../arm-none-eabi/lib/thumb/v6-m/nofp/libc_nano.a(libc_a-wsetup.o)
                0x0000000008005114                __swsetup_r
 .text.__swhatbuf_r
                0x00000000080051dc       0x50 /Applications/STM32CubeIDE.app/Contents/Eclipse/plugins/com.st.stm32cube.ide.mcu.externaltools.gnu-tools-for-stm32.11.3.rel1.macos64_1.1.0.202305231506/tools/bin/../lib/gcc/arm-none-eabi/11.3.1/../../../../arm-none-eabi/lib/thumb/v6-m/nofp/libc_nano.a(libc_a-makebuf.o)
                0x00000000080051dc                __swhatbuf_r
 .text.__smakebuf_r
                0x000000000800522c       0x7c /Applications/STM32CubeIDE.app/Contents/Eclipse/plugins/com.st.stm32cube.ide.mcu.externaltools.gnu-tools-for-stm32.11.3.rel1.macos64_1.1.0.202305231506/tools/bin/../lib/gcc/arm-none-eabi/11.3.1/../../../../arm-none-eabi/lib/thumb/v6-m/nofp/libc_nano.a(libc_a-makebuf.o)
                0x000000000800522c                __smakebuf_r
 .text._close_r
                0x00000000080052a8       0x24 /Applications/STM32CubeIDE.app/Contents/Eclipse/plugins/com.st.stm32cube.ide.mcu.externaltools.gnu-tools-for-stm32.11.3.rel1.macos64_1.1.0.202305231506/tools/bin/../lib/gcc/arm-none-eabi/11.3.1/../../../../arm-none-eabi/lib/thumb/v6-m/nofp/libc_nano.a(libc_a-closer.o)
                0x00000000080052a8                _close_r
 .text._fstat_r
                0x00000000080052cc       0x24 /Applications/STM32CubeIDE.app/Contents/Eclipse/plugins/com.st.stm32cube.ide.mcu.externaltools.gnu-tools-for-stm32.11.3.rel1.macos64_1.1.0.202305231506/tools/bin/../lib/gcc/arm-none-eabi/11.3.1/../../../../arm-none-eabi/lib/thumb/v6-m/nofp/libc_nano.a(libc_a-fstatr.o)
                0x00000000080052cc                _fstat_r
 .text._isatty_r
                0x00000000080052f0       0x24 /Applications/STM32CubeIDE.app/Contents/Eclipse/plugins/com.st.stm32cube.ide.mcu.externaltools.gnu-tools-for-stm32.11.3.rel1.macos64_1.1.0.202305231506/tools/bin/../lib/gcc/arm-none-eabi/11.3.1/../../../../arm-none-eabi/lib/thumb/v6-m/nofp/libc_nano.a(libc_a-isattyr.o)
                0x00000000080052f0                _isatty_r
 .text._lseek_r
                0x0000000008005314       0x28 /Applications/STM32CubeIDE.app/Contents/Eclipse/plugins/com.st.stm32cube.ide.mcu.externaltools.gnu-tools-for-stm32.11.3.rel1.macos64_1.1.0.202305231506/tools/bin/../lib/gcc/arm-none-eabi/11.3.1/../../../../arm-none-eabi/lib/thumb/v6-m/nofp/libc_nano.a(libc_a-lseekr.o)
                0x0000000008005314                _lseek_r
 .text._read_r  0x000000000800533c       0x28 /Applications/STM32CubeIDE.app/Contents/Eclipse/plugins/com.st.stm32cube.ide.mcu.externaltools.gnu-tools-for-stm32.11.3.rel1.macos64_1.1.0.202305231506/tools/bin/../lib/gcc/arm-none-eabi/11.3.1/../../../../arm-none-eabi/lib/thumb/v6-m/nofp/libc_nano.a(libc_a-readr.o)
                0x000000000800533c                _read_r
 .text._sbrk_r  0x0000000008005364       0x24 /Applications/STM32CubeIDE.app/Contents/Eclipse/plugins/com.st.stm32cube.ide.mcu.externaltools.gnu-tools-for-stm32.11.3.rel1.macos64_1.1.0.202305231506/tools/bin/../lib/gcc/arm-none-eabi/11.3.1/../../../../arm-none-eabi/lib/thumb/v6-m/nofp/libc_nano.a(libc_a-sbrkr.o)
                0x0000000008005364                _sbrk_r
 .text._write_r
                0x0000000008005388       0x28 /Applications/STM32CubeIDE.app/Contents/Eclipse/plugins/com.st.stm32cube.ide.mcu.externaltools.gnu-tools-for-stm32.11.3.rel1.macos64_1.1.0.202305231506/tools/bin/../lib/gcc/arm-none-eabi/11.3.1/../../../../arm-none-eabi/lib/thumb/v6-m/nofp/libc_nano.a(libc_a-writer.o)
                0x0000000008005388                _write_r
 .text.memchr   0x00000000080053b0       0x16 /Applications/STM32CubeIDE.app/Contents/Eclipse/plugins/com.st.stm32cube.ide.mcu.externaltools.gnu-tools-for-stm32.11.3.rel1.macos64_1.1.0.202305231506/tools/bin/../lib/gcc/arm-none-eabi/11.3.1/../../../../arm-none-eabi/lib/thumb/v6-m/nofp/libc_nano.a(libc_a-memchr-stub.o)
                0x00000000080053b0                memchr
 *fill*         0x00000000080053c6        0x2 
 .text._free_r  0x00000000080053c8       0x94 /Applications/STM32CubeIDE.app/Contents/Eclipse/plugins/com.st.stm32cube.ide.mcu.externaltools.gnu-tools-for-stm32.11.3.rel1.macos64_1.1.0.202305231506/tools/bin/../lib/gcc/arm-none-eabi/11.3.1/../../../../arm-none-eabi/lib/thumb/v6-m/nofp/libc_nano.a(libc_a-freer.o)
                0x00000000080053c8                _free_r
 *(.glue_7)
 .glue_7        0x000000000800545c        0x0 linker stubs
 *(.glue_7t)
 .glue_7t       0x000000000800545c        0x0 linker stubs
 *(.eh_frame)
 .eh_frame      0x000000000800545c        0x0 /Applications/STM32CubeIDE.app/Contents/Eclipse/plugins/com.st.stm32cube.ide.mcu.externaltools.gnu-tools-for-stm32.11.3.rel1.macos64_1.1.0.202305231506/tools/bin/../lib/gcc/arm-none-eabi/11.3.1/thumb/v6-m/nofp/crtbegin.o
 *(.init)
 .init          0x000000000800545c        0x4 /Applications/STM32CubeIDE.app/Contents/Eclipse/plugins/com.st.stm32cube.ide.mcu.externaltools.gnu-tools-for-stm32.11.3.rel1.macos64_1.1.0.202305231506/tools/bin/../lib/gcc/arm-none-eabi/11.3.1/thumb/v6-m/nofp/crti.o
                0x000000000800545c                _init
 .init          0x0000000008005460        0x8 /Applications/STM32CubeIDE.app/Contents/Eclipse/plugins/com.st.stm32cube.ide.mcu.externaltools.gnu-tools-for-stm32.11.3.rel1.macos64_1.1.0.202305231506/tools/bin/../lib/gcc/arm-none-eabi/11.3.1/thumb/v6-m/nofp/crtn.o
 *(.fini)
 .fini          0x0000000008005468        0x4 /Applications/STM32CubeIDE.app/Contents/Eclipse/plugins/com.st.stm32cube.ide.mcu.externaltools.gnu-tools-for-stm32.11.3.rel1.macos64_1.1.0.202305231506/tools/bin/../lib/gcc/arm-none-eabi/11.3.1/thumb/v6-m/nofp/crti.o
                0x0000000008005468                _fini
 .fini          0x000000000800546c        0x8 /Applications/STM32CubeIDE.app/Contents/Eclipse/plugins/com.st.stm32cube.ide.mcu.externaltools.gnu-tools-for-stm32.11.3.rel1.macos64_1.1.0.202305231506/tools/bin/../lib/gcc/arm-none-eabi/11.3.1/thumb/v6-m/nofp/crtn.o
                0x0000000008005474                . = ALIGN (0x4)
                0x0000000008005474                _etext = .

.vfp11_veneer   0x0000000008005474        0x0
 .vfp11_veneer  0x0000000008005474        0x0 linker stubs

.v4_bx          0x0000000008005474        0x0
 .v4_bx         0x0000000008005474        0x0 linker stubs

.iplt           0x0000000008005474        0x0
 .iplt          0x0000000008005474        0x0 /Applications/STM32CubeIDE.app/Contents/Eclipse/plugins/com.st.stm32cube.ide.mcu.externaltools.gnu-tools-for-stm32.11.3.rel1.macos64_1.1.0.202305231506/tools/bin/../lib/gcc/arm-none-eabi/11.3.1/thumb/v6-m/nofp/crtbegin.o

.rodata         0x0000000008005474       0xf8
                0x0000000008005474                . = ALIGN (0x4)
 *(.rodata)
 .rodata        0x0000000008005474       0x1b ./Core/Src/accel.o
 *fill*         0x000000000800548f        0x1 
 .rodata        0x0000000008005490       0x2a ./Core/Src/bluetooth.o
 *(.rodata*)
 *fill*         0x00000000080054ba        0x2 
 .rodata.handleBluetoothCommands
                0x00000000080054bc       0x44 ./Core/Src/bluetooth.o
 .rodata.AHBPrescTable
                0x0000000008005500       0x10 ./Core/Src/system_stm32f0xx.o
                0x0000000008005500                AHBPrescTable
 .rodata.APBPrescTable
                0x0000000008005510        0x8 ./Core/Src/system_stm32f0xx.o
                0x0000000008005510                APBPrescTable
 .rodata.aPLLMULFactorTable.1
                0x0000000008005518       0x10 ./Drivers/STM32F0xx_HAL_Driver/Src/stm32f0xx_hal_rcc.o
 .rodata.aPredivFactorTable.0
                0x0000000008005528       0x10 ./Drivers/STM32F0xx_HAL_Driver/Src/stm32f0xx_hal_rcc.o
 .rodata._vfprintf_r.str1.1
                0x0000000008005538       0x11 /Applications/STM32CubeIDE.app/Contents/Eclipse/plugins/com.st.stm32cube.ide.mcu.externaltools.gnu-tools-for-stm32.11.3.rel1.macos64_1.1.0.202305231506/tools/bin/../lib/gcc/arm-none-eabi/11.3.1/../../../../arm-none-eabi/lib/thumb/v6-m/nofp/libc_nano.a(libc_a-nano-vfprintf.o)
 .rodata._printf_i.str1.1
                0x0000000008005549       0x22 /Applications/STM32CubeIDE.app/Contents/Eclipse/plugins/com.st.stm32cube.ide.mcu.externaltools.gnu-tools-for-stm32.11.3.rel1.macos64_1.1.0.202305231506/tools/bin/../lib/gcc/arm-none-eabi/11.3.1/../../../../arm-none-eabi/lib/thumb/v6-m/nofp/libc_nano.a(libc_a-nano-vfprintf_i.o)
                0x000000000800556c                . = ALIGN (0x4)
 *fill*         0x000000000800556b        0x1 

.rel.dyn        0x000000000800556c        0x0
 .rel.iplt      0x000000000800556c        0x0 /Applications/STM32CubeIDE.app/Contents/Eclipse/plugins/com.st.stm32cube.ide.mcu.externaltools.gnu-tools-for-stm32.11.3.rel1.macos64_1.1.0.202305231506/tools/bin/../lib/gcc/arm-none-eabi/11.3.1/thumb/v6-m/nofp/crtbegin.o

.ARM.extab      0x000000000800556c        0x0
                0x000000000800556c                . = ALIGN (0x4)
 *(.ARM.extab* .gnu.linkonce.armextab.*)
                0x000000000800556c                . = ALIGN (0x4)

.ARM            0x000000000800556c        0x0
                0x000000000800556c                . = ALIGN (0x4)
                0x000000000800556c                __exidx_start = .
 *(.ARM.exidx*)
                0x000000000800556c                __exidx_end = .
                0x000000000800556c                . = ALIGN (0x4)

.preinit_array  0x000000000800556c        0x0
                0x000000000800556c                . = ALIGN (0x4)
                0x000000000800556c                PROVIDE (__preinit_array_start = .)
 *(.preinit_array*)
                0x000000000800556c                PROVIDE (__preinit_array_end = .)
                0x000000000800556c                . = ALIGN (0x4)

.init_array     0x000000000800556c        0x4
                0x000000000800556c                . = ALIGN (0x4)
                0x000000000800556c                PROVIDE (__init_array_start = .)
 *(SORT_BY_NAME(.init_array.*))
 *(.init_array*)
 .init_array    0x000000000800556c        0x4 /Applications/STM32CubeIDE.app/Contents/Eclipse/plugins/com.st.stm32cube.ide.mcu.externaltools.gnu-tools-for-stm32.11.3.rel1.macos64_1.1.0.202305231506/tools/bin/../lib/gcc/arm-none-eabi/11.3.1/thumb/v6-m/nofp/crtbegin.o
                0x0000000008005570                PROVIDE (__init_array_end = .)
                0x0000000008005570                . = ALIGN (0x4)

.fini_array     0x0000000008005570        0x4
                0x0000000008005570                . = ALIGN (0x4)
                [!provide]                        PROVIDE (__fini_array_start = .)
 *(SORT_BY_NAME(.fini_array.*))
 *(.fini_array*)
 .fini_array    0x0000000008005570        0x4 /Applications/STM32CubeIDE.app/Contents/Eclipse/plugins/com.st.stm32cube.ide.mcu.externaltools.gnu-tools-for-stm32.11.3.rel1.macos64_1.1.0.202305231506/tools/bin/../lib/gcc/arm-none-eabi/11.3.1/thumb/v6-m/nofp/crtbegin.o
                [!provide]                        PROVIDE (__fini_array_end = .)
                0x0000000008005574                . = ALIGN (0x4)
                0x0000000008005574                _sidata = LOADADDR (.data)

.data           0x0000000020000000       0x6c load address 0x0000000008005574
                0x0000000020000000                . = ALIGN (0x4)
                0x0000000020000000                _sdata = .
 *(.data)
 *(.data*)
 .data.currentMode
                0x0000000020000000        0x1 ./Core/Src/main.o
                0x0000000020000000                currentMode
 *fill*         0x0000000020000001        0x3 
 .data.SystemCoreClock
                0x0000000020000004        0x4 ./Core/Src/system_stm32f0xx.o
                0x0000000020000004                SystemCoreClock
 .data.uwTickPrio
                0x0000000020000008        0x4 ./Drivers/STM32F0xx_HAL_Driver/Src/stm32f0xx_hal.o
                0x0000000020000008                uwTickPrio
 .data.uwTickFreq
                0x000000002000000c        0x1 ./Drivers/STM32F0xx_HAL_Driver/Src/stm32f0xx_hal.o
                0x000000002000000c                uwTickFreq
 *fill*         0x000000002000000d        0x3 
 .data.__sglue  0x0000000020000010        0xc /Applications/STM32CubeIDE.app/Contents/Eclipse/plugins/com.st.stm32cube.ide.mcu.externaltools.gnu-tools-for-stm32.11.3.rel1.macos64_1.1.0.202305231506/tools/bin/../lib/gcc/arm-none-eabi/11.3.1/../../../../arm-none-eabi/lib/thumb/v6-m/nofp/libc_nano.a(libc_a-findfp.o)
                0x0000000020000010                __sglue
 .data._impure_data
                0x000000002000001c       0x4c /Applications/STM32CubeIDE.app/Contents/Eclipse/plugins/com.st.stm32cube.ide.mcu.externaltools.gnu-tools-for-stm32.11.3.rel1.macos64_1.1.0.202305231506/tools/bin/../lib/gcc/arm-none-eabi/11.3.1/../../../../arm-none-eabi/lib/thumb/v6-m/nofp/libc_nano.a(libc_a-impure.o)
                0x000000002000001c                _impure_data
 .data._impure_ptr
                0x0000000020000068        0x4 /Applications/STM32CubeIDE.app/Contents/Eclipse/plugins/com.st.stm32cube.ide.mcu.externaltools.gnu-tools-for-stm32.11.3.rel1.macos64_1.1.0.202305231506/tools/bin/../lib/gcc/arm-none-eabi/11.3.1/../../../../arm-none-eabi/lib/thumb/v6-m/nofp/libc_nano.a(libc_a-impure.o)
                0x0000000020000068                _impure_ptr
 *(.RamFunc)
 *(.RamFunc*)
                0x000000002000006c                . = ALIGN (0x4)
                0x000000002000006c                _edata = .

.igot.plt       0x000000002000006c        0x0 load address 0x00000000080055e0
 .igot.plt      0x000000002000006c        0x0 /Applications/STM32CubeIDE.app/Contents/Eclipse/plugins/com.st.stm32cube.ide.mcu.externaltools.gnu-tools-for-stm32.11.3.rel1.macos64_1.1.0.202305231506/tools/bin/../lib/gcc/arm-none-eabi/11.3.1/thumb/v6-m/nofp/crtbegin.o
                0x000000002000006c                . = ALIGN (0x4)

.bss            0x000000002000006c      0x2b8 load address 0x00000000080055e0
                0x000000002000006c                _sbss = .
                0x000000002000006c                __bss_start__ = _sbss
 *(.bss)
 .bss           0x000000002000006c       0x1c /Applications/STM32CubeIDE.app/Contents/Eclipse/plugins/com.st.stm32cube.ide.mcu.externaltools.gnu-tools-for-stm32.11.3.rel1.macos64_1.1.0.202305231506/tools/bin/../lib/gcc/arm-none-eabi/11.3.1/thumb/v6-m/nofp/crtbegin.o
 *(.bss*)
 .bss.hi2c1     0x0000000020000088       0x54 ./Core/Src/main.o
                0x0000000020000088                hi2c1
 .bss.hspi1     0x00000000200000dc       0x64 ./Core/Src/main.o
                0x00000000200000dc                hspi1
 .bss.huart1    0x0000000020000140       0x88 ./Core/Src/main.o
                0x0000000020000140                huart1
 .bss.motorStatus
                0x00000000200001c8        0x6 ./Core/Src/motor_controller.o
                0x00000000200001c8                motorStatus
 *fill*         0x00000000200001ce        0x2 
 .bss.__sbrk_heap_end
                0x00000000200001d0        0x4 ./Core/Src/sysmem.o
 .bss.uwTick    0x00000000200001d4        0x4 ./Drivers/STM32F0xx_HAL_Driver/Src/stm32f0xx_hal.o
                0x00000000200001d4                uwTick
 .bss.__sf      0x00000000200001d8      0x138 /Applications/STM32CubeIDE.app/Contents/Eclipse/plugins/com.st.stm32cube.ide.mcu.externaltools.gnu-tools-for-stm32.11.3.rel1.macos64_1.1.0.202305231506/tools/bin/../lib/gcc/arm-none-eabi/11.3.1/../../../../arm-none-eabi/lib/thumb/v6-m/nofp/libc_nano.a(libc_a-findfp.o)
                0x00000000200001d8                __sf
 .bss.__stdio_exit_handler
                0x0000000020000310        0x4 /Applications/STM32CubeIDE.app/Contents/Eclipse/plugins/com.st.stm32cube.ide.mcu.externaltools.gnu-tools-for-stm32.11.3.rel1.macos64_1.1.0.202305231506/tools/bin/../lib/gcc/arm-none-eabi/11.3.1/../../../../arm-none-eabi/lib/thumb/v6-m/nofp/libc_nano.a(libc_a-findfp.o)
                0x0000000020000310                __stdio_exit_handler
 .bss.__lock___malloc_recursive_mutex
                0x0000000020000314        0x1 /Applications/STM32CubeIDE.app/Contents/Eclipse/plugins/com.st.stm32cube.ide.mcu.externaltools.gnu-tools-for-stm32.11.3.rel1.macos64_1.1.0.202305231506/tools/bin/../lib/gcc/arm-none-eabi/11.3.1/../../../../arm-none-eabi/lib/thumb/v6-m/nofp/libc_nano.a(libc_a-lock.o)
                0x0000000020000314                __lock___malloc_recursive_mutex
 .bss.__lock___sfp_recursive_mutex
                0x0000000020000315        0x1 /Applications/STM32CubeIDE.app/Contents/Eclipse/plugins/com.st.stm32cube.ide.mcu.externaltools.gnu-tools-for-stm32.11.3.rel1.macos64_1.1.0.202305231506/tools/bin/../lib/gcc/arm-none-eabi/11.3.1/../../../../arm-none-eabi/lib/thumb/v6-m/nofp/libc_nano.a(libc_a-lock.o)
                0x0000000020000315                __lock___sfp_recursive_mutex
 *fill*         0x0000000020000316        0x2 
 .bss.__malloc_free_list
                0x0000000020000318        0x4 /Applications/STM32CubeIDE.app/Contents/Eclipse/plugins/com.st.stm32cube.ide.mcu.externaltools.gnu-tools-for-stm32.11.3.rel1.macos64_1.1.0.202305231506/tools/bin/../lib/gcc/arm-none-eabi/11.3.1/../../../../arm-none-eabi/lib/thumb/v6-m/nofp/libc_nano.a(libc_a-mallocr.o)
                0x0000000020000318                __malloc_free_list
 .bss.__malloc_sbrk_start
                0x000000002000031c        0x4 /Applications/STM32CubeIDE.app/Contents/Eclipse/plugins/com.st.stm32cube.ide.mcu.externaltools.gnu-tools-for-stm32.11.3.rel1.macos64_1.1.0.202305231506/tools/bin/../lib/gcc/arm-none-eabi/11.3.1/../../../../arm-none-eabi/lib/thumb/v6-m/nofp/libc_nano.a(libc_a-mallocr.o)
                0x000000002000031c                __malloc_sbrk_start
 .bss.errno     0x0000000020000320        0x4 /Applications/STM32CubeIDE.app/Contents/Eclipse/plugins/com.st.stm32cube.ide.mcu.externaltools.gnu-tools-for-stm32.11.3.rel1.macos64_1.1.0.202305231506/tools/bin/../lib/gcc/arm-none-eabi/11.3.1/../../../../arm-none-eabi/lib/thumb/v6-m/nofp/libc_nano.a(libc_a-reent.o)
                0x0000000020000320                errno
 *(COMMON)
                0x0000000020000324                . = ALIGN (0x4)
                0x0000000020000324                _ebss = .
                0x0000000020000324                __bss_end__ = _ebss

._user_heap_stack
                0x0000000020000324      0x604 load address 0x00000000080055e0
                0x0000000020000328                . = ALIGN (0x8)
 *fill*         0x0000000020000324        0x4 
                [!provide]                        PROVIDE (end = .)
                0x0000000020000328                PROVIDE (_end = .)
                0x0000000020000528                . = (. + _Min_Heap_Size)
 *fill*         0x0000000020000328      0x200 
                0x0000000020000928                . = (. + _Min_Stack_Size)
 *fill*         0x0000000020000528      0x400 
                0x0000000020000928                . = ALIGN (0x8)

/DISCARD/
 libc.a(*)
 libm.a(*)
 libgcc.a(*)

.ARM.attributes
                0x0000000000000000       0x28
 *(.ARM.attributes)
 .ARM.attributes
                0x0000000000000000       0x1e /Applications/STM32CubeIDE.app/Contents/Eclipse/plugins/com.st.stm32cube.ide.mcu.externaltools.gnu-tools-for-stm32.11.3.rel1.macos64_1.1.0.202305231506/tools/bin/../lib/gcc/arm-none-eabi/11.3.1/thumb/v6-m/nofp/crti.o
 .ARM.attributes
                0x000000000000001e       0x2c /Applications/STM32CubeIDE.app/Contents/Eclipse/plugins/com.st.stm32cube.ide.mcu.externaltools.gnu-tools-for-stm32.11.3.rel1.macos64_1.1.0.202305231506/tools/bin/../lib/gcc/arm-none-eabi/11.3.1/thumb/v6-m/nofp/crtbegin.o
 .ARM.attributes
                0x000000000000004a       0x2c ./Core/Src/accel.o
 .ARM.attributes
                0x0000000000000076       0x2c ./Core/Src/bluetooth.o
 .ARM.attributes
                0x00000000000000a2       0x2c ./Core/Src/driver.o
 .ARM.attributes
                0x00000000000000ce       0x2c ./Core/Src/lidar.o
 .ARM.attributes
                0x00000000000000fa       0x2c ./Core/Src/main.o
 .ARM.attributes
                0x0000000000000126       0x2c ./Core/Src/motor_controller.o
 .ARM.attributes
                0x0000000000000152       0x2c ./Core/Src/stm32f0xx_hal_msp.o
 .ARM.attributes
                0x000000000000017e       0x2c ./Core/Src/stm32f0xx_it.o
 .ARM.attributes
                0x00000000000001aa       0x2c ./Core/Src/syscalls.o
 .ARM.attributes
                0x00000000000001d6       0x2c ./Core/Src/sysmem.o
 .ARM.attributes
                0x0000000000000202       0x2c ./Core/Src/system_stm32f0xx.o
 .ARM.attributes
                0x000000000000022e       0x21 ./Core/Startup/startup_stm32f042k6tx.o
 .ARM.attributes
                0x000000000000024f       0x2c ./Drivers/STM32F0xx_HAL_Driver/Src/stm32f0xx_hal.o
 .ARM.attributes
                0x000000000000027b       0x2c ./Drivers/STM32F0xx_HAL_Driver/Src/stm32f0xx_hal_cortex.o
 .ARM.attributes
                0x00000000000002a7       0x2c ./Drivers/STM32F0xx_HAL_Driver/Src/stm32f0xx_hal_gpio.o
 .ARM.attributes
                0x00000000000002d3       0x2c ./Drivers/STM32F0xx_HAL_Driver/Src/stm32f0xx_hal_i2c.o
 .ARM.attributes
                0x00000000000002ff       0x2c ./Drivers/STM32F0xx_HAL_Driver/Src/stm32f0xx_hal_i2c_ex.o
 .ARM.attributes
                0x000000000000032b       0x2c ./Drivers/STM32F0xx_HAL_Driver/Src/stm32f0xx_hal_rcc.o
 .ARM.attributes
                0x0000000000000357       0x2c ./Drivers/STM32F0xx_HAL_Driver/Src/stm32f0xx_hal_rcc_ex.o
 .ARM.attributes
                0x0000000000000383       0x2c ./Drivers/STM32F0xx_HAL_Driver/Src/stm32f0xx_hal_spi.o
 .ARM.attributes
                0x00000000000003af       0x2c ./Drivers/STM32F0xx_HAL_Driver/Src/stm32f0xx_hal_uart.o
 .ARM.attributes
                0x00000000000003db       0x2c /Applications/STM32CubeIDE.app/Contents/Eclipse/plugins/com.st.stm32cube.ide.mcu.externaltools.gnu-tools-for-stm32.11.3.rel1.macos64_1.1.0.202305231506/tools/bin/../lib/gcc/arm-none-eabi/11.3.1/../../../../arm-none-eabi/lib/thumb/v6-m/nofp/libc_nano.a(libc_a-findfp.o)
 .ARM.attributes
                0x0000000000000407       0x2c /Applications/STM32CubeIDE.app/Contents/Eclipse/plugins/com.st.stm32cube.ide.mcu.externaltools.gnu-tools-for-stm32.11.3.rel1.macos64_1.1.0.202305231506/tools/bin/../lib/gcc/arm-none-eabi/11.3.1/../../../../arm-none-eabi/lib/thumb/v6-m/nofp/libc_nano.a(libc_a-fwalk.o)
 .ARM.attributes
                0x0000000000000433       0x2c /Applications/STM32CubeIDE.app/Contents/Eclipse/plugins/com.st.stm32cube.ide.mcu.externaltools.gnu-tools-for-stm32.11.3.rel1.macos64_1.1.0.202305231506/tools/bin/../lib/gcc/arm-none-eabi/11.3.1/../../../../arm-none-eabi/lib/thumb/v6-m/nofp/libc_nano.a(libc_a-printf.o)
 .ARM.attributes
                0x000000000000045f       0x2c /Applications/STM32CubeIDE.app/Contents/Eclipse/plugins/com.st.stm32cube.ide.mcu.externaltools.gnu-tools-for-stm32.11.3.rel1.macos64_1.1.0.202305231506/tools/bin/../lib/gcc/arm-none-eabi/11.3.1/../../../../arm-none-eabi/lib/thumb/v6-m/nofp/libc_nano.a(libc_a-memset.o)
 .ARM.attributes
                0x000000000000048b       0x2c /Applications/STM32CubeIDE.app/Contents/Eclipse/plugins/com.st.stm32cube.ide.mcu.externaltools.gnu-tools-for-stm32.11.3.rel1.macos64_1.1.0.202305231506/tools/bin/../lib/gcc/arm-none-eabi/11.3.1/../../../../arm-none-eabi/lib/thumb/v6-m/nofp/libc_nano.a(libc_a-impure.o)
 .ARM.attributes
                0x00000000000004b7       0x2c /Applications/STM32CubeIDE.app/Contents/Eclipse/plugins/com.st.stm32cube.ide.mcu.externaltools.gnu-tools-for-stm32.11.3.rel1.macos64_1.1.0.202305231506/tools/bin/../lib/gcc/arm-none-eabi/11.3.1/../../../../arm-none-eabi/lib/thumb/v6-m/nofp/libc_nano.a(libc_a-errno.o)
 .ARM.attributes
                0x00000000000004e3       0x2c /Applications/STM32CubeIDE.app/Contents/Eclipse/plugins/com.st.stm32cube.ide.mcu.externaltools.gnu-tools-for-stm32.11.3.rel1.macos64_1.1.0.202305231506/tools/bin/../lib/gcc/arm-none-eabi/11.3.1/../../../../arm-none-eabi/lib/thumb/v6-m/nofp/libc_nano.a(libc_a-init.o)
 .ARM.attributes
                0x000000000000050f       0x2c /Applications/STM32CubeIDE.app/Contents/Eclipse/plugins/com.st.stm32cube.ide.mcu.externaltools.gnu-tools-for-stm32.11.3.rel1.macos64_1.1.0.202305231506/tools/bin/../lib/gcc/arm-none-eabi/11.3.1/../../../../arm-none-eabi/lib/thumb/v6-m/nofp/libc_nano.a(libc_a-lock.o)
 .ARM.attributes
                0x000000000000053b       0x2c /Applications/STM32CubeIDE.app/Contents/Eclipse/plugins/com.st.stm32cube.ide.mcu.externaltools.gnu-tools-for-stm32.11.3.rel1.macos64_1.1.0.202305231506/tools/bin/../lib/gcc/arm-none-eabi/11.3.1/../../../../arm-none-eabi/lib/thumb/v6-m/nofp/libc_nano.a(libc_a-memcpy-stub.o)
 .ARM.attributes
                0x0000000000000567       0x1c /Applications/STM32CubeIDE.app/Contents/Eclipse/plugins/com.st.stm32cube.ide.mcu.externaltools.gnu-tools-for-stm32.11.3.rel1.macos64_1.1.0.202305231506/tools/bin/../lib/gcc/arm-none-eabi/11.3.1/../../../../arm-none-eabi/lib/thumb/v6-m/nofp/libc_nano.a(libc_a-strlen.o)
 .ARM.attributes
                0x0000000000000583       0x2c /Applications/STM32CubeIDE.app/Contents/Eclipse/plugins/com.st.stm32cube.ide.mcu.externaltools.gnu-tools-for-stm32.11.3.rel1.macos64_1.1.0.202305231506/tools/bin/../lib/gcc/arm-none-eabi/11.3.1/../../../../arm-none-eabi/lib/thumb/v6-m/nofp/libc_nano.a(libc_a-nano-vfprintf.o)
 .ARM.attributes
                0x00000000000005af       0x2c /Applications/STM32CubeIDE.app/Contents/Eclipse/plugins/com.st.stm32cube.ide.mcu.externaltools.gnu-tools-for-stm32.11.3.rel1.macos64_1.1.0.202305231506/tools/bin/../lib/gcc/arm-none-eabi/11.3.1/../../../../arm-none-eabi/lib/thumb/v6-m/nofp/libc_nano.a(libc_a-mallocr.o)
 .ARM.attributes
                0x00000000000005db       0x2c /Applications/STM32CubeIDE.app/Contents/Eclipse/plugins/com.st.stm32cube.ide.mcu.externaltools.gnu-tools-for-stm32.11.3.rel1.macos64_1.1.0.202305231506/tools/bin/../lib/gcc/arm-none-eabi/11.3.1/../../../../arm-none-eabi/lib/thumb/v6-m/nofp/libc_nano.a(libc_a-nano-vfprintf_i.o)
 .ARM.attributes
                0x0000000000000607       0x2c /Applications/STM32CubeIDE.app/Contents/Eclipse/plugins/com.st.stm32cube.ide.mcu.externaltools.gnu-tools-for-stm32.11.3.rel1.macos64_1.1.0.202305231506/tools/bin/../lib/gcc/arm-none-eabi/11.3.1/../../../../arm-none-eabi/lib/thumb/v6-m/nofp/libc_nano.a(libc_a-fflush.o)
 .ARM.attributes
                0x0000000000000633       0x2c /Applications/STM32CubeIDE.app/Contents/Eclipse/plugins/com.st.stm32cube.ide.mcu.externaltools.gnu-tools-for-stm32.11.3.rel1.macos64_1.1.0.202305231506/tools/bin/../lib/gcc/arm-none-eabi/11.3.1/../../../../arm-none-eabi/lib/thumb/v6-m/nofp/libc_nano.a(libc_a-mlock.o)
 .ARM.attributes
                0x000000000000065f       0x2c /Applications/STM32CubeIDE.app/Contents/Eclipse/plugins/com.st.stm32cube.ide.mcu.externaltools.gnu-tools-for-stm32.11.3.rel1.macos64_1.1.0.202305231506/tools/bin/../lib/gcc/arm-none-eabi/11.3.1/../../../../arm-none-eabi/lib/thumb/v6-m/nofp/libc_nano.a(libc_a-stdio.o)
 .ARM.attributes
                0x000000000000068b       0x2c /Applications/STM32CubeIDE.app/Contents/Eclipse/plugins/com.st.stm32cube.ide.mcu.externaltools.gnu-tools-for-stm32.11.3.rel1.macos64_1.1.0.202305231506/tools/bin/../lib/gcc/arm-none-eabi/11.3.1/../../../../arm-none-eabi/lib/thumb/v6-m/nofp/libc_nano.a(libc_a-wbuf.o)
 .ARM.attributes
                0x00000000000006b7       0x2c /Applications/STM32CubeIDE.app/Contents/Eclipse/plugins/com.st.stm32cube.ide.mcu.externaltools.gnu-tools-for-stm32.11.3.rel1.macos64_1.1.0.202305231506/tools/bin/../lib/gcc/arm-none-eabi/11.3.1/../../../../arm-none-eabi/lib/thumb/v6-m/nofp/libc_nano.a(libc_a-wsetup.o)
 .ARM.attributes
                0x00000000000006e3       0x2c /Applications/STM32CubeIDE.app/Contents/Eclipse/plugins/com.st.stm32cube.ide.mcu.externaltools.gnu-tools-for-stm32.11.3.rel1.macos64_1.1.0.202305231506/tools/bin/../lib/gcc/arm-none-eabi/11.3.1/../../../../arm-none-eabi/lib/thumb/v6-m/nofp/libc_nano.a(libc_a-makebuf.o)
 .ARM.attributes
                0x000000000000070f       0x2c /Applications/STM32CubeIDE.app/Contents/Eclipse/plugins/com.st.stm32cube.ide.mcu.externaltools.gnu-tools-for-stm32.11.3.rel1.macos64_1.1.0.202305231506/tools/bin/../lib/gcc/arm-none-eabi/11.3.1/../../../../arm-none-eabi/lib/thumb/v6-m/nofp/libc_nano.a(libc_a-closer.o)
 .ARM.attributes
                0x000000000000073b       0x2c /Applications/STM32CubeIDE.app/Contents/Eclipse/plugins/com.st.stm32cube.ide.mcu.externaltools.gnu-tools-for-stm32.11.3.rel1.macos64_1.1.0.202305231506/tools/bin/../lib/gcc/arm-none-eabi/11.3.1/../../../../arm-none-eabi/lib/thumb/v6-m/nofp/libc_nano.a(libc_a-reent.o)
 .ARM.attributes
                0x0000000000000767       0x2c /Applications/STM32CubeIDE.app/Contents/Eclipse/plugins/com.st.stm32cube.ide.mcu.externaltools.gnu-tools-for-stm32.11.3.rel1.macos64_1.1.0.202305231506/tools/bin/../lib/gcc/arm-none-eabi/11.3.1/../../../../arm-none-eabi/lib/thumb/v6-m/nofp/libc_nano.a(libc_a-fstatr.o)
 .ARM.attributes
                0x0000000000000793       0x2c /Applications/STM32CubeIDE.app/Contents/Eclipse/plugins/com.st.stm32cube.ide.mcu.externaltools.gnu-tools-for-stm32.11.3.rel1.macos64_1.1.0.202305231506/tools/bin/../lib/gcc/arm-none-eabi/11.3.1/../../../../arm-none-eabi/lib/thumb/v6-m/nofp/libc_nano.a(libc_a-isattyr.o)
 .ARM.attributes
                0x00000000000007bf       0x2c /Applications/STM32CubeIDE.app/Contents/Eclipse/plugins/com.st.stm32cube.ide.mcu.externaltools.gnu-tools-for-stm32.11.3.rel1.macos64_1.1.0.202305231506/tools/bin/../lib/gcc/arm-none-eabi/11.3.1/../../../../arm-none-eabi/lib/thumb/v6-m/nofp/libc_nano.a(libc_a-lseekr.o)
 .ARM.attributes
                0x00000000000007eb       0x2c /Applications/STM32CubeIDE.app/Contents/Eclipse/plugins/com.st.stm32cube.ide.mcu.externaltools.gnu-tools-for-stm32.11.3.rel1.macos64_1.1.0.202305231506/tools/bin/../lib/gcc/arm-none-eabi/11.3.1/../../../../arm-none-eabi/lib/thumb/v6-m/nofp/libc_nano.a(libc_a-readr.o)
 .ARM.attributes
                0x0000000000000817       0x2c /Applications/STM32CubeIDE.app/Contents/Eclipse/plugins/com.st.stm32cube.ide.mcu.externaltools.gnu-tools-for-stm32.11.3.rel1.macos64_1.1.0.202305231506/tools/bin/../lib/gcc/arm-none-eabi/11.3.1/../../../../arm-none-eabi/lib/thumb/v6-m/nofp/libc_nano.a(libc_a-sbrkr.o)
 .ARM.attributes
                0x0000000000000843       0x2c /Applications/STM32CubeIDE.app/Contents/Eclipse/plugins/com.st.stm32cube.ide.mcu.externaltools.gnu-tools-for-stm32.11.3.rel1.macos64_1.1.0.202305231506/tools/bin/../lib/gcc/arm-none-eabi/11.3.1/../../../../arm-none-eabi/lib/thumb/v6-m/nofp/libc_nano.a(libc_a-writer.o)
 .ARM.attributes
                0x000000000000086f       0x2c /Applications/STM32CubeIDE.app/Contents/Eclipse/plugins/com.st.stm32cube.ide.mcu.externaltools.gnu-tools-for-stm32.11.3.rel1.macos64_1.1.0.202305231506/tools/bin/../lib/gcc/arm-none-eabi/11.3.1/../../../../arm-none-eabi/lib/thumb/v6-m/nofp/libc_nano.a(libc_a-memchr-stub.o)
 .ARM.attributes
                0x000000000000089b       0x2c /Applications/STM32CubeIDE.app/Contents/Eclipse/plugins/com.st.stm32cube.ide.mcu.externaltools.gnu-tools-for-stm32.11.3.rel1.macos64_1.1.0.202305231506/tools/bin/../lib/gcc/arm-none-eabi/11.3.1/../../../../arm-none-eabi/lib/thumb/v6-m/nofp/libc_nano.a(libc_a-freer.o)
 .ARM.attributes
                0x00000000000008c7       0x1e /Applications/STM32CubeIDE.app/Contents/Eclipse/plugins/com.st.stm32cube.ide.mcu.externaltools.gnu-tools-for-stm32.11.3.rel1.macos64_1.1.0.202305231506/tools/bin/../lib/gcc/arm-none-eabi/11.3.1/thumb/v6-m/nofp/libgcc.a(_thumb1_case_shi.o)
 .ARM.attributes
                0x00000000000008e5       0x1e /Applications/STM32CubeIDE.app/Contents/Eclipse/plugins/com.st.stm32cube.ide.mcu.externaltools.gnu-tools-for-stm32.11.3.rel1.macos64_1.1.0.202305231506/tools/bin/../lib/gcc/arm-none-eabi/11.3.1/thumb/v6-m/nofp/libgcc.a(_udivsi3.o)
 .ARM.attributes
                0x0000000000000903       0x1e /Applications/STM32CubeIDE.app/Contents/Eclipse/plugins/com.st.stm32cube.ide.mcu.externaltools.gnu-tools-for-stm32.11.3.rel1.macos64_1.1.0.202305231506/tools/bin/../lib/gcc/arm-none-eabi/11.3.1/thumb/v6-m/nofp/libgcc.a(_dvmd_tls.o)
 .ARM.attributes
                0x0000000000000921       0x1e /Applications/STM32CubeIDE.app/Contents/Eclipse/plugins/com.st.stm32cube.ide.mcu.externaltools.gnu-tools-for-stm32.11.3.rel1.macos64_1.1.0.202305231506/tools/bin/../lib/gcc/arm-none-eabi/11.3.1/thumb/v6-m/nofp/crtn.o
OUTPUT(smoke_f0.elf elf32-littlearm)
LOAD linker stubs
LOAD /Applications/STM32CubeIDE.app/Contents/Eclipse/plugins/com.st.stm32cube.ide.mcu.externaltools.gnu-tools-for-stm32.11.3.rel1.macos64_1.1.0.202305231506/tools/bin/../lib/gcc/arm-none-eabi/11.3.1/../../../../arm-none-eabi/lib/thumb/v6-m/nofp/libc.a
LOAD /Applications/STM32CubeIDE.app/Contents/Eclipse/plugins/com.st.stm32cube.ide.mcu.externaltools.gnu-tools-for-stm32.11.3.rel1.macos64_1.1.0.202305231506/tools/bin/../lib/gcc/arm-none-eabi/11.3.1/../../../../arm-none-eabi/lib/thumb/v6-m/nofp/libm.a
LOAD /Applications/STM32CubeIDE.app/Contents/Eclipse/plugins/com.st.stm32cube.ide.mcu.externaltools.gnu-tools-for-stm32.11.3.rel1.macos64_1.1.0.202305231506/tools/bin/../lib/gcc/arm-none-eabi/11.3.1/thumb/v6-m/nofp/libgcc.a

.comment        0x0000000000000000       0x43
 .comment       0x0000000000000000       0x43 /Applications/STM32CubeIDE.app/Contents/Eclipse/plugins/com.st.stm32cube.ide.mcu.externaltools.gnu-tools-for-stm32.11.3.rel1.macos64_1.1.0.202305231506/tools/bin/../lib/gcc/arm-none-eabi/11.3.1/thumb/v6-m/nofp/crtbegin.o
                                         0x44 (size before relaxing)
 .comment       0x0000000000000043       0x44 ./Core/Src/accel.o
 .comment       0x0000000000000043       0x44 ./Core/Src/bluetooth.o
 .comment       0x0000000000000043       0x44 ./Core/Src/driver.o
 .comment       0x0000000000000043       0x44 ./Core/Src/lidar.o
 .comment       0x0000000000000043       0x44 ./Core/Src/main.o
 .comment       0x0000000000000043       0x44 ./Core/Src/motor_controller.o
 .comment       0x0000000000000043       0x44 ./Core/Src/stm32f0xx_hal_msp.o
 .comment       0x0000000000000043       0x44 ./Core/Src/stm32f0xx_it.o
 .comment       0x0000000000000043       0x44 ./Core/Src/syscalls.o
 .comment       0x0000000000000043       0x44 ./Core/Src/sysmem.o
 .comment       0x0000000000000043       0x44 ./Core/Src/system_stm32f0xx.o
 .comment       0x0000000000000043       0x44 ./Drivers/STM32F0xx_HAL_Driver/Src/stm32f0xx_hal.o
 .comment       0x0000000000000043       0x44 ./Drivers/STM32F0xx_HAL_Driver/Src/stm32f0xx_hal_cortex.o
 .comment       0x0000000000000043       0x44 ./Drivers/STM32F0xx_HAL_Driver/Src/stm32f0xx_hal_gpio.o
 .comment       0x0000000000000043       0x44 ./Drivers/STM32F0xx_HAL_Driver/Src/stm32f0xx_hal_i2c.o
 .comment       0x0000000000000043       0x44 ./Drivers/STM32F0xx_HAL_Driver/Src/stm32f0xx_hal_i2c_ex.o
 .comment       0x0000000000000043       0x44 ./Drivers/STM32F0xx_HAL_Driver/Src/stm32f0xx_hal_rcc.o
 .comment       0x0000000000000043       0x44 ./Drivers/STM32F0xx_HAL_Driver/Src/stm32f0xx_hal_rcc_ex.o
 .comment       0x0000000000000043       0x44 ./Drivers/STM32F0xx_HAL_Driver/Src/stm32f0xx_hal_spi.o
 .comment       0x0000000000000043       0x44 ./Drivers/STM32F0xx_HAL_Driver/Src/stm32f0xx_hal_uart.o

.debug_info     0x0000000000000000     0xe5f1
 .debug_info    0x0000000000000000      0x87a ./Core/Src/accel.o
 .debug_info    0x000000000000087a      0x96c ./Core/Src/bluetooth.o
 .debug_info    0x00000000000011e6      0x1cd ./Core/Src/driver.o
 .debug_info    0x00000000000013b3      0x6bb ./Core/Src/lidar.o
 .debug_info    0x0000000000001a6e     0x1366 ./Core/Src/main.o
 .debug_info    0x0000000000002dd4      0x2db ./Core/Src/motor_controller.o
 .debug_info    0x00000000000030af      0xfa2 ./Core/Src/stm32f0xx_hal_msp.o
 .debug_info    0x0000000000004051       0xd3 ./Core/Src/stm32f0xx_it.o
 .debug_info    0x0000000000004124      0x6a3 ./Core/Src/syscalls.o
 .debug_info    0x00000000000047c7      0x168 ./Core/Src/sysmem.o
 .debug_info    0x000000000000492f      0x242 ./Core/Src/system_stm32f0xx.o
 .debug_info    0x0000000000004b71       0x23 ./Core/Startup/startup_stm32f042k6tx.o
 .debug_info    0x0000000000004b94      0x69d ./Drivers/STM32F0xx_HAL_Driver/Src/stm32f0xx_hal.o
 .debug_info    0x0000000000005231      0x6a7 ./Drivers/STM32F0xx_HAL_Driver/Src/stm32f0xx_hal_cortex.o
 .debug_info    0x00000000000058d8      0x5a6 ./Drivers/STM32F0xx_HAL_Driver/Src/stm32f0xx_hal_gpio.o
 .debug_info    0x0000000000005e7e     0x204a ./Drivers/STM32F0xx_HAL_Driver/Src/stm32f0xx_hal_i2c.o
 .debug_info    0x0000000000007ec8      0x830 ./Drivers/STM32F0xx_HAL_Driver/Src/stm32f0xx_hal_i2c_ex.o
 .debug_info    0x00000000000086f8      0x83f ./Drivers/STM32F0xx_HAL_Driver/Src/stm32f0xx_hal_rcc.o
 .debug_info    0x0000000000008f37      0x600 ./Drivers/STM32F0xx_HAL_Driver/Src/stm32f0xx_hal_rcc_ex.o
 .debug_info    0x0000000000009537     0x1618 ./Drivers/STM32F0xx_HAL_Driver/Src/stm32f0xx_hal_spi.o
 .debug_info    0x000000000000ab4f     0x3aa2 ./Drivers/STM32F0xx_HAL_Driver/Src/stm32f0xx_hal_uart.o

.debug_abbrev   0x0000000000000000     0x24c0
 .debug_abbrev  0x0000000000000000      0x1fb ./Core/Src/accel.o
 .debug_abbrev  0x00000000000001fb      0x1e8 ./Core/Src/bluetooth.o
 .debug_abbrev  0x00000000000003e3       0xbd ./Core/Src/driver.o
 .debug_abbrev  0x00000000000004a0      0x18e ./Core/Src/lidar.o
 .debug_abbrev  0x000000000000062e      0x2b7 ./Core/Src/main.o
 .debug_abbrev  0x00000000000008e5      0x188 ./Core/Src/motor_controller.o
 .debug_abbrev  0x0000000000000a6d      0x1e2 ./Core/Src/stm32f0xx_hal_msp.o
 .debug_abbrev  0x0000000000000c4f       0x73 ./Core/Src/stm32f0xx_it.o
 .debug_abbrev  0x0000000000000cc2      0x1b6 ./Core/Src/syscalls.o
 .debug_abbrev  0x0000000000000e78       0xbc ./Core/Src/sysmem.o
 .debug_abbrev  0x0000000000000f34      0x11c ./Core/Src/system_stm32f0xx.o
 .debug_abbrev  0x0000000000001050       0x12 ./Core/Startup/startup_stm32f042k6tx.o
 .debug_abbrev  0x0000000000001062      0x247 ./Drivers/STM32F0xx_HAL_Driver/Src/stm32f0xx_hal.o
 .debug_abbrev  0x00000000000012a9      0x28c ./Drivers/STM32F0xx_HAL_Driver/Src/stm32f0xx_hal_cortex.o
 .debug_abbrev  0x0000000000001535      0x1cb ./Drivers/STM32F0xx_HAL_Driver/Src/stm32f0xx_hal_gpio.o
 .debug_abbrev  0x0000000000001700      0x261 ./Drivers/STM32F0xx_HAL_Driver/Src/stm32f0xx_hal_i2c.o
 .debug_abbrev  0x0000000000001961      0x1c3 ./Drivers/STM32F0xx_HAL_Driver/Src/stm32f0xx_hal_i2c_ex.o
 .debug_abbrev  0x0000000000001b24      0x28c ./Drivers/STM32F0xx_HAL_Driver/Src/stm32f0xx_hal_rcc.o
 .debug_abbrev  0x0000000000001db0      0x1da ./Drivers/STM32F0xx_HAL_Driver/Src/stm32f0xx_hal_rcc_ex.o
 .debug_abbrev  0x0000000000001f8a      0x269 ./Drivers/STM32F0xx_HAL_Driver/Src/stm32f0xx_hal_spi.o
 .debug_abbrev  0x00000000000021f3      0x2cd ./Drivers/STM32F0xx_HAL_Driver/Src/stm32f0xx_hal_uart.o

.debug_aranges  0x0000000000000000      0xd20
 .debug_aranges
                0x0000000000000000       0x40 ./Core/Src/accel.o
 .debug_aranges
                0x0000000000000040       0x60 ./Core/Src/bluetooth.o
 .debug_aranges
                0x00000000000000a0       0x48 ./Core/Src/driver.o
 .debug_aranges
                0x00000000000000e8       0x28 ./Core/Src/lidar.o
 .debug_aranges
                0x0000000000000110       0x50 ./Core/Src/main.o
 .debug_aranges
                0x0000000000000160       0x50 ./Core/Src/motor_controller.o
 .debug_aranges
                0x00000000000001b0       0x50 ./Core/Src/stm32f0xx_hal_msp.o
 .debug_aranges
                0x0000000000000200       0x40 ./Core/Src/stm32f0xx_it.o
 .debug_aranges
                0x0000000000000240       0xa8 ./Core/Src/syscalls.o
 .debug_aranges
                0x00000000000002e8       0x20 ./Core/Src/sysmem.o
 .debug_aranges
                0x0000000000000308       0x28 ./Core/Src/system_stm32f0xx.o
 .debug_aranges
                0x0000000000000330       0x28 ./Core/Startup/startup_stm32f042k6tx.o
 .debug_aranges
                0x0000000000000358       0xd0 ./Drivers/STM32F0xx_HAL_Driver/Src/stm32f0xx_hal.o
 .debug_aranges
                0x0000000000000428       0xc0 ./Drivers/STM32F0xx_HAL_Driver/Src/stm32f0xx_hal_cortex.o
 .debug_aranges
                0x00000000000004e8       0x58 ./Drivers/STM32F0xx_HAL_Driver/Src/stm32f0xx_hal_gpio.o
 .debug_aranges
                0x0000000000000540      0x2a0 ./Drivers/STM32F0xx_HAL_Driver/Src/stm32f0xx_hal_i2c.o
 .debug_aranges
                0x00000000000007e0       0x48 ./Drivers/STM32F0xx_HAL_Driver/Src/stm32f0xx_hal_i2c_ex.o
 .debug_aranges
                0x0000000000000828       0x80 ./Drivers/STM32F0xx_HAL_Driver/Src/stm32f0xx_hal_rcc.o
 .debug_aranges
                0x00000000000008a8       0x78 ./Drivers/STM32F0xx_HAL_Driver/Src/stm32f0xx_hal_rcc_ex.o
 .debug_aranges
                0x0000000000000920      0x1d8 ./Drivers/STM32F0xx_HAL_Driver/Src/stm32f0xx_hal_spi.o
 .debug_aranges
                0x0000000000000af8      0x228 ./Drivers/STM32F0xx_HAL_Driver/Src/stm32f0xx_hal_uart.o

.debug_rnglists
                0x0000000000000000      0xa25
 .debug_rnglists
                0x0000000000000000       0x2e ./Core/Src/accel.o
 .debug_rnglists
                0x000000000000002e       0x44 ./Core/Src/bluetooth.o
 .debug_rnglists
                0x0000000000000072       0x31 ./Core/Src/driver.o
 .debug_rnglists
                0x00000000000000a3       0x19 ./Core/Src/lidar.o
 .debug_rnglists
                0x00000000000000bc       0x3b ./Core/Src/main.o
 .debug_rnglists
                0x00000000000000f7       0x39 ./Core/Src/motor_controller.o
 .debug_rnglists
                0x0000000000000130       0x3a ./Core/Src/stm32f0xx_hal_msp.o
 .debug_rnglists
                0x000000000000016a       0x2b ./Core/Src/stm32f0xx_it.o
 .debug_rnglists
                0x0000000000000195       0x79 ./Core/Src/syscalls.o
 .debug_rnglists
                0x000000000000020e       0x13 ./Core/Src/sysmem.o
 .debug_rnglists
                0x0000000000000221       0x1a ./Core/Src/system_stm32f0xx.o
 .debug_rnglists
                0x000000000000023b       0x1a ./Core/Startup/startup_stm32f042k6tx.o
 .debug_rnglists
                0x0000000000000255       0x97 ./Drivers/STM32F0xx_HAL_Driver/Src/stm32f0xx_hal.o
 .debug_rnglists
                0x00000000000002ec       0x8c ./Drivers/STM32F0xx_HAL_Driver/Src/stm32f0xx_hal_cortex.o
 .debug_rnglists
                0x0000000000000378       0x3f ./Drivers/STM32F0xx_HAL_Driver/Src/stm32f0xx_hal_gpio.o
 .debug_rnglists
                0x00000000000003b7      0x229 ./Drivers/STM32F0xx_HAL_Driver/Src/stm32f0xx_hal_i2c.o
 .debug_rnglists
                0x00000000000005e0       0x35 ./Drivers/STM32F0xx_HAL_Driver/Src/stm32f0xx_hal_i2c_ex.o
 .debug_rnglists
                0x0000000000000615       0x61 ./Drivers/STM32F0xx_HAL_Driver/Src/stm32f0xx_hal_rcc.o
 .debug_rnglists
                0x0000000000000676       0x5a ./Drivers/STM32F0xx_HAL_Driver/Src/stm32f0xx_hal_rcc_ex.o
 .debug_rnglists
                0x00000000000006d0      0x17a ./Drivers/STM32F0xx_HAL_Driver/Src/stm32f0xx_hal_spi.o
 .debug_rnglists
                0x000000000000084a      0x1db ./Drivers/STM32F0xx_HAL_Driver/Src/stm32f0xx_hal_uart.o

.debug_macro    0x0000000000000000    0x1a373
 .debug_macro   0x0000000000000000      0x2aa ./Core/Src/accel.o
 .debug_macro   0x00000000000002aa      0xa7e ./Core/Src/accel.o
 .debug_macro   0x0000000000000d28      0x133 ./Core/Src/accel.o
 .debug_macro   0x0000000000000e5b       0x2e ./Core/Src/accel.o
 .debug_macro   0x0000000000000e89       0x22 ./Core/Src/accel.o
 .debug_macro   0x0000000000000eab       0x22 ./Core/Src/accel.o
 .debug_macro   0x0000000000000ecd       0x8e ./Core/Src/accel.o
 .debug_macro   0x0000000000000f5b       0x51 ./Core/Src/accel.o
 .debug_macro   0x0000000000000fac      0x103 ./Core/Src/accel.o
 .debug_macro   0x00000000000010af       0x6a ./Core/Src/accel.o
 .debug_macro   0x0000000000001119      0x1df ./Core/Src/accel.o
 .debug_macro   0x00000000000012f8       0x1c ./Core/Src/accel.o
 .debug_macro   0x0000000000001314       0x22 ./Core/Src/accel.o
 .debug_macro   0x0000000000001336       0xaf ./Core/Src/accel.o
 .debug_macro   0x00000000000013e5      0x391 ./Core/Src/accel.o
 .debug_macro   0x0000000000001776     0xf209 ./Core/Src/accel.o
 .debug_macro   0x000000000001097f       0x66 ./Core/Src/accel.o
 .debug_macro   0x00000000000109e5     0x34be ./Core/Src/accel.o
 .debug_macro   0x0000000000013ea3      0x174 ./Core/Src/accel.o
 .debug_macro   0x0000000000014017       0x55 ./Core/Src/accel.o
 .debug_macro   0x000000000001406c      0x946 ./Core/Src/accel.o
 .debug_macro   0x00000000000149b2      0x46b ./Core/Src/accel.o
 .debug_macro   0x0000000000014e1d      0x1ae ./Core/Src/accel.o
 .debug_macro   0x0000000000014fcb      0x130 ./Core/Src/accel.o
 .debug_macro   0x00000000000150fb      0x199 ./Core/Src/accel.o
 .debug_macro   0x0000000000015294      0x1ed ./Core/Src/accel.o
 .debug_macro   0x0000000000015481       0x34 ./Core/Src/accel.o
 .debug_macro   0x00000000000154b5       0x43 ./Core/Src/accel.o
 .debug_macro   0x00000000000154f8       0x28 ./Core/Src/accel.o
 .debug_macro   0x0000000000015520       0xb0 ./Core/Src/accel.o
 .debug_macro   0x00000000000155d0      0x182 ./Core/Src/accel.o
 .debug_macro   0x0000000000015752      0x22c ./Core/Src/accel.o
 .debug_macro   0x000000000001597e       0x61 ./Core/Src/accel.o
 .debug_macro   0x00000000000159df       0xa5 ./Core/Src/accel.o
 .debug_macro   0x0000000000015a84       0x4c ./Core/Src/accel.o
 .debug_macro   0x0000000000015ad0      0x15b ./Core/Src/accel.o
 .debug_macro   0x0000000000015c2b      0x2fe ./Core/Src/accel.o
 .debug_macro   0x0000000000015f29      0x5ba ./Core/Src/accel.o
 .debug_macro   0x00000000000164e3       0x44 ./Core/Src/accel.o
 .debug_macro   0x0000000000016527      0x12e ./Core/Src/accel.o
 .debug_macro   0x0000000000016655       0x34 ./Core/Src/accel.o
 .debug_macro   0x0000000000016689       0x61 ./Core/Src/accel.o
 .debug_macro   0x00000000000166ea       0x24 ./Core/Src/accel.o
 .debug_macro   0x000000000001670e       0x43 ./Core/Src/accel.o
 .debug_macro   0x0000000000016751       0x34 ./Core/Src/accel.o
 .debug_macro   0x0000000000016785       0x16 ./Core/Src/accel.o
 .debug_macro   0x000000000001679b       0x35 ./Core/Src/accel.o
 .debug_macro   0x00000000000167d0      0x369 ./Core/Src/accel.o
 .debug_macro   0x0000000000016b39       0x10 ./Core/Src/accel.o
 .debug_macro   0x0000000000016b49       0x16 ./Core/Src/accel.o
 .debug_macro   0x0000000000016b5f       0x43 ./Core/Src/accel.o
 .debug_macro   0x0000000000016ba2       0x34 ./Core/Src/accel.o
 .debug_macro   0x0000000000016bd6       0x10 ./Core/Src/accel.o
 .debug_macro   0x0000000000016be6       0x58 ./Core/Src/accel.o
 .debug_macro   0x0000000000016c3e       0x8e ./Core/Src/accel.o
 .debug_macro   0x0000000000016ccc       0x1c ./Core/Src/accel.o
 .debug_macro   0x0000000000016ce8      0x177 ./Core/Src/accel.o
 .debug_macro   0x0000000000016e5f       0x16 ./Core/Src/accel.o
 .debug_macro   0x0000000000016e75       0x16 ./Core/Src/accel.o
 .debug_macro   0x0000000000016e8b      0x147 ./Core/Src/accel.o
 .debug_macro   0x0000000000016fd2      0x2d9 ./Core/Src/bluetooth.o
 .debug_macro   0x00000000000172ab       0x10 ./Core/Src/bluetooth.o
 .debug_macro   0x00000000000172bb       0x20 ./Core/Src/bluetooth.o
 .debug_macro   0x00000000000172db       0x1c ./Core/Src/bluetooth.o
 .debug_macro   0x00000000000172f7       0x1c ./Core/Src/bluetooth.o
 .debug_macro   0x0000000000017313      0x1dc ./Core/Src/driver.o
 .debug_macro   0x00000000000174ef       0x2e ./Core/Src/driver.o
 .debug_macro   0x000000000001751d      0x1d2 ./Core/Src/lidar.o
 .debug_macro   0x00000000000176ef       0x16 ./Core/Src/lidar.o
 .debug_macro   0x0000000000017705      0x2cf ./Core/Src/main.o
 .debug_macro   0x00000000000179d4       0xb8 ./Core/Src/main.o
 .debug_macro   0x0000000000017a8c       0x34 ./Core/Src/main.o
 .debug_macro   0x0000000000017ac0       0x3a ./Core/Src/main.o
 .debug_macro   0x0000000000017afa       0x1c ./Core/Src/main.o
 .debug_macro   0x0000000000017b16      0x1fc ./Core/Src/motor_controller.o
 .debug_macro   0x0000000000017d12      0x1d2 ./Core/Src/stm32f0xx_hal_msp.o
 .debug_macro   0x0000000000017ee4      0x1dc ./Core/Src/stm32f0xx_it.o
 .debug_macro   0x00000000000180c0      0x274 ./Core/Src/syscalls.o
 .debug_macro   0x0000000000018334       0x5b ./Core/Src/syscalls.o
 .debug_macro   0x000000000001838f       0x94 ./Core/Src/syscalls.o
 .debug_macro   0x0000000000018423       0x57 ./Core/Src/syscalls.o
 .debug_macro   0x000000000001847a       0x10 ./Core/Src/syscalls.o
 .debug_macro   0x000000000001848a       0x10 ./Core/Src/syscalls.o
 .debug_macro   0x000000000001849a       0x10 ./Core/Src/syscalls.o
 .debug_macro   0x00000000000184aa       0x10 ./Core/Src/syscalls.o
 .debug_macro   0x00000000000184ba       0x1c ./Core/Src/syscalls.o
 .debug_macro   0x00000000000184d6       0x52 ./Core/Src/syscalls.o
 .debug_macro   0x0000000000018528       0x22 ./Core/Src/syscalls.o
 .debug_macro   0x000000000001854a       0x10 ./Core/Src/syscalls.o
 .debug_macro   0x000000000001855a       0x52 ./Core/Src/syscalls.o
 .debug_macro   0x00000000000185ac       0xcf ./Core/Src/syscalls.o
 .debug_macro   0x000000000001867b       0x1c ./Core/Src/syscalls.o
 .debug_macro   0x0000000000018697       0x3d ./Core/Src/syscalls.o
 .debug_macro   0x00000000000186d4       0x35 ./Core/Src/syscalls.o
 .debug_macro   0x0000000000018709      0x12c ./Core/Src/syscalls.o
 .debug_macro   0x0000000000018835       0x16 ./Core/Src/syscalls.o
 .debug_macro   0x000000000001884b       0x16 ./Core/Src/syscalls.o
 .debug_macro   0x0000000000018861       0x29 ./Core/Src/syscalls.o
 .debug_macro   0x000000000001888a       0x10 ./Core/Src/syscalls.o
 .debug_macro   0x000000000001889a      0x242 ./Core/Src/syscalls.o
 .debug_macro   0x0000000000018adc       0x10 ./Core/Src/syscalls.o
 .debug_macro   0x0000000000018aec      0x18a ./Core/Src/syscalls.o
 .debug_macro   0x0000000000018c76       0x16 ./Core/Src/syscalls.o
 .debug_macro   0x0000000000018c8c       0xce ./Core/Src/syscalls.o
 .debug_macro   0x0000000000018d5a       0xff ./Core/Src/sysmem.o
 .debug_macro   0x0000000000018e59      0x23c ./Core/Src/sysmem.o
 .debug_macro   0x0000000000019095      0x1c3 ./Core/Src/system_stm32f0xx.o
 .debug_macro   0x0000000000019258      0x1e7 ./Drivers/STM32F0xx_HAL_Driver/Src/stm32f0xx_hal.o
 .debug_macro   0x000000000001943f      0x1c3 ./Drivers/STM32F0xx_HAL_Driver/Src/stm32f0xx_hal_cortex.o
 .debug_macro   0x0000000000019602      0x1ca ./Drivers/STM32F0xx_HAL_Driver/Src/stm32f0xx_hal_gpio.o
 .debug_macro   0x00000000000197cc      0x28f ./Drivers/STM32F0xx_HAL_Driver/Src/stm32f0xx_hal_i2c.o
 .debug_macro   0x0000000000019a5b      0x1c3 ./Drivers/STM32F0xx_HAL_Driver/Src/stm32f0xx_hal_i2c_ex.o
 .debug_macro   0x0000000000019c1e      0x1d5 ./Drivers/STM32F0xx_HAL_Driver/Src/stm32f0xx_hal_rcc.o
 .debug_macro   0x0000000000019df3      0x1d5 ./Drivers/STM32F0xx_HAL_Driver/Src/stm32f0xx_hal_rcc_ex.o
 .debug_macro   0x0000000000019fc8      0x1cb ./Drivers/STM32F0xx_HAL_Driver/Src/stm32f0xx_hal_spi.o
 .debug_macro   0x000000000001a193      0x1e0 ./Drivers/STM32F0xx_HAL_Driver/Src/stm32f0xx_hal_uart.o

.debug_line     0x0000000000000000    0x11b2b
 .debug_line    0x0000000000000000      0x8f2 ./Core/Src/accel.o
 .debug_line    0x00000000000008f2      0x96f ./Core/Src/bluetooth.o
 .debug_line    0x0000000000001261      0x786 ./Core/Src/driver.o
 .debug_line    0x00000000000019e7      0x717 ./Core/Src/lidar.o
 .debug_line    0x00000000000020fe      0xa6b ./Core/Src/main.o
 .debug_line    0x0000000000002b69      0x7da ./Core/Src/motor_controller.o
 .debug_line    0x0000000000003343      0x7e0 ./Core/Src/stm32f0xx_hal_msp.o
 .debug_line    0x0000000000003b23      0x75c ./Core/Src/stm32f0xx_it.o
 .debug_line    0x000000000000427f      0x841 ./Core/Src/syscalls.o
 .debug_line    0x0000000000004ac0      0x512 ./Core/Src/sysmem.o
 .debug_line    0x0000000000004fd2      0x77f ./Core/Src/system_stm32f0xx.o
 .debug_line    0x0000000000005751       0x8d ./Core/Startup/startup_stm32f042k6tx.o
 .debug_line    0x00000000000057de      0x972 ./Drivers/STM32F0xx_HAL_Driver/Src/stm32f0xx_hal.o
 .debug_line    0x0000000000006150      0xa1e ./Drivers/STM32F0xx_HAL_Driver/Src/stm32f0xx_hal_cortex.o
 .debug_line    0x0000000000006b6e      0xada ./Drivers/STM32F0xx_HAL_Driver/Src/stm32f0xx_hal_gpio.o
 .debug_line    0x0000000000007648     0x3788 ./Drivers/STM32F0xx_HAL_Driver/Src/stm32f0xx_hal_i2c.o
 .debug_line    0x000000000000add0      0x915 ./Drivers/STM32F0xx_HAL_Driver/Src/stm32f0xx_hal_i2c_ex.o
 .debug_line    0x000000000000b6e5      0xdfa ./Drivers/STM32F0xx_HAL_Driver/Src/stm32f0xx_hal_rcc.o
 .debug_line    0x000000000000c4df      0xbad ./Drivers/STM32F0xx_HAL_Driver/Src/stm32f0xx_hal_rcc_ex.o
 .debug_line    0x000000000000d08c     0x1e7c ./Drivers/STM32F0xx_HAL_Driver/Src/stm32f0xx_hal_spi.o
 .debug_line    0x000000000000ef08     0x2c23 ./Drivers/STM32F0xx_HAL_Driver/Src/stm32f0xx_hal_uart.o

.debug_str      0x0000000000000000    0x8ea1e
 .debug_str     0x0000000000000000    0x88ef7 ./Core/Src/accel.o
                                      0x891f7 (size before relaxing)
 .debug_str     0x0000000000088ef7      0x3fc ./Core/Src/bluetooth.o
                                      0x89278 (size before relaxing)
 .debug_str     0x00000000000892f3      0x171 ./Core/Src/driver.o
                                      0x8565a (size before relaxing)
 .debug_str     0x0000000000089464      0x31a ./Core/Src/lidar.o
                                      0x85a66 (size before relaxing)
 .debug_str     0x000000000008977e      0x635 ./Core/Src/main.o
                                      0x89887 (size before relaxing)
 .debug_str     0x0000000000089db3       0x5d ./Core/Src/motor_controller.o
                                      0x856c9 (size before relaxing)
 .debug_str     0x0000000000089e10       0xb4 ./Core/Src/stm32f0xx_hal_msp.o
                                      0x8617c (size before relaxing)
 .debug_str     0x0000000000089ec4       0x82 ./Core/Src/stm32f0xx_it.o
                                      0x857b8 (size before relaxing)
 .debug_str     0x0000000000089f46     0x20d8 ./Core/Src/syscalls.o
                                       0x979c (size before relaxing)
 .debug_str     0x000000000008c01e       0x6b ./Core/Src/sysmem.o
                                       0x5f53 (size before relaxing)
 .debug_str     0x000000000008c089       0x8b ./Core/Src/system_stm32f0xx.o
                                      0x8558b (size before relaxing)
 .debug_str     0x000000000008c114       0x34 ./Core/Startup/startup_stm32f042k6tx.o
                                         0x6d (size before relaxing)
 .debug_str     0x000000000008c148      0x4bc ./Drivers/STM32F0xx_HAL_Driver/Src/stm32f0xx_hal.o
                                      0x85b3d (size before relaxing)
 .debug_str     0x000000000008c604      0x1be ./Drivers/STM32F0xx_HAL_Driver/Src/stm32f0xx_hal_cortex.o
                                      0x8592e (size before relaxing)
 .debug_str     0x000000000008c7c2      0x113 ./Drivers/STM32F0xx_HAL_Driver/Src/stm32f0xx_hal_gpio.o
                                      0x8572c (size before relaxing)
 .debug_str     0x000000000008c8d5      0xe4f ./Drivers/STM32F0xx_HAL_Driver/Src/stm32f0xx_hal_i2c.o
                                      0x868ec (size before relaxing)
 .debug_str     0x000000000008d724       0xb8 ./Drivers/STM32F0xx_HAL_Driver/Src/stm32f0xx_hal_i2c_ex.o
                                      0x85b13 (size before relaxing)
 .debug_str     0x000000000008d7dc      0x20f ./Drivers/STM32F0xx_HAL_Driver/Src/stm32f0xx_hal_rcc.o
                                      0x859d2 (size before relaxing)
 .debug_str     0x000000000008d9eb      0x2af ./Drivers/STM32F0xx_HAL_Driver/Src/stm32f0xx_hal_rcc_ex.o
                                      0x85975 (size before relaxing)
 .debug_str     0x000000000008dc9a      0x53f ./Drivers/STM32F0xx_HAL_Driver/Src/stm32f0xx_hal_spi.o
                                      0x85efb (size before relaxing)
 .debug_str     0x000000000008e1d9      0x845 ./Drivers/STM32F0xx_HAL_Driver/Src/stm32f0xx_hal_uart.o
                                      0x862ef (size before relaxing)

.debug_frame    0x0000000000000000     0x3588
 .debug_frame   0x0000000000000000       0xcc ./Core/Src/accel.o
 .debug_frame   0x00000000000000cc      0x168 ./Core/Src/bluetooth.o
 .debug_frame   0x0000000000000234       0xd0 ./Core/Src/driver.o
 .debug_frame   0x0000000000000304       0x5c ./Core/Src/lidar.o
 .debug_frame   0x0000000000000360       0xec ./Core/Src/main.o
 .debug_frame   0x000000000000044c       0xe8 ./Core/Src/motor_controller.o
 .debug_frame   0x0000000000000534       0xf0 ./Core/Src/stm32f0xx_hal_msp.o
 .debug_frame   0x0000000000000624       0x9c ./Core/Src/stm32f0xx_it.o
 .debug_frame   0x00000000000006c0      0x244 ./Core/Src/syscalls.o
 .debug_frame   0x0000000000000904       0x30 ./Core/Src/sysmem.o
 .debug_frame   0x0000000000000934       0x4c ./Core/Src/system_stm32f0xx.o
 .debug_frame   0x0000000000000980      0x2a4 ./Drivers/STM32F0xx_HAL_Driver/Src/stm32f0xx_hal.o
 .debug_frame   0x0000000000000c24      0x2a0 ./Drivers/STM32F0xx_HAL_Driver/Src/stm32f0xx_hal_cortex.o
 .debug_frame   0x0000000000000ec4      0x110 ./Drivers/STM32F0xx_HAL_Driver/Src/stm32f0xx_hal_gpio.o
 .debug_frame   0x0000000000000fd4      0xa64 ./Drivers/STM32F0xx_HAL_Driver/Src/stm32f0xx_hal_i2c.o
 .debug_frame   0x0000000000001a38       0xd0 ./Drivers/STM32F0xx_HAL_Driver/Src/stm32f0xx_hal_i2c_ex.o